<?xml version="1.0" encoding="ISO-8859-1" ?>
<link_info>
   <banner>TMS320C2000 Linker PC v22.6.3.LTS</banner>
   <copyright>Copyright (c) 1996-2018 Texas Instruments Incorporated</copyright>
   <link_time>0x69af7a60</link_time>
   <link_errors>0x0</link_errors>
   <output_file>mcan_ex7_classic_transmit.out</output_file>
   <entry_point>
      <name>code_start</name>
      <address>0x0</address>
   </entry_point>
   <input_file_list>
      <input_file id="fl-2">
         <path>.\syscfg\</path>
         <kind>object</kind>
         <file>board.obj</file>
         <name>board.obj</name>
      </input_file>
      <input_file id="fl-3">
         <path>.\syscfg\</path>
         <kind>object</kind>
         <file>c2000ware_libraries.obj</file>
         <name>c2000ware_libraries.obj</name>
      </input_file>
      <input_file id="fl-4">
         <path>.\</path>
         <kind>object</kind>
         <file>mcan_ex7_classic_transmit.obj</file>
         <name>mcan_ex7_classic_transmit.obj</name>
      </input_file>
      <input_file id="fl-5">
         <path>.\device\</path>
         <kind>object</kind>
         <file>device.obj</file>
         <name>device.obj</name>
      </input_file>
      <input_file id="fl-6">
         <path>.\device\</path>
         <kind>object</kind>
         <file>f28003x_codestartbranch.obj</file>
         <name>f28003x_codestartbranch.obj</name>
      </input_file>
      <input_file id="fl-d">
         <kind>object</kind>
         <file>&lt;internal&gt;</file>
         <name>&lt;internal&gt;</name>
      </input_file>
      <input_file id="fl-e">
         <path>..\device\driverlib\ccs\Debug\</path>
         <kind>archive</kind>
         <file>driverlib.lib</file>
         <name>dcc.obj</name>
      </input_file>
      <input_file id="fl-f">
         <path>..\device\driverlib\ccs\Debug\</path>
         <kind>archive</kind>
         <file>driverlib.lib</file>
         <name>gpio.obj</name>
      </input_file>
      <input_file id="fl-10">
         <path>..\device\driverlib\ccs\Debug\</path>
         <kind>archive</kind>
         <file>driverlib.lib</file>
         <name>mcan.obj</name>
      </input_file>
      <input_file id="fl-11">
         <path>..\device\driverlib\ccs\Debug\</path>
         <kind>archive</kind>
         <file>driverlib.lib</file>
         <name>sysctl.obj</name>
      </input_file>
      <input_file id="fl-1d">
         <path>C:\ti\ccs2041\ccs\tools\compiler\ti-cgt-c2000_22.6.3.LTS\lib\</path>
         <kind>archive</kind>
         <file>rts2800_fpu32_eabi.lib</file>
         <name>boot28.asm.obj</name>
      </input_file>
      <input_file id="fl-1e">
         <path>C:\ti\ccs2041\ccs\tools\compiler\ti-cgt-c2000_22.6.3.LTS\lib\</path>
         <kind>archive</kind>
         <file>rts2800_fpu32_eabi.lib</file>
         <name>fs_div28.asm.obj</name>
      </input_file>
      <input_file id="fl-1f">
         <path>C:\ti\ccs2041\ccs\tools\compiler\ti-cgt-c2000_22.6.3.LTS\lib\</path>
         <kind>archive</kind>
         <file>rts2800_fpu32_eabi.lib</file>
         <name>pre_init.c.obj</name>
      </input_file>
      <input_file id="fl-20">
         <path>C:\ti\ccs2041\ccs\tools\compiler\ti-cgt-c2000_22.6.3.LTS\lib\</path>
         <kind>archive</kind>
         <file>rts2800_fpu32_eabi.lib</file>
         <name>autoinit.c.obj</name>
      </input_file>
      <input_file id="fl-21">
         <path>C:\ti\ccs2041\ccs\tools\compiler\ti-cgt-c2000_22.6.3.LTS\lib\</path>
         <kind>archive</kind>
         <file>rts2800_fpu32_eabi.lib</file>
         <name>copy_zero_init.c.obj</name>
      </input_file>
      <input_file id="fl-22">
         <path>C:\ti\ccs2041\ccs\tools\compiler\ti-cgt-c2000_22.6.3.LTS\lib\</path>
         <kind>archive</kind>
         <file>rts2800_fpu32_eabi.lib</file>
         <name>copy_decompress_none.c.obj</name>
      </input_file>
      <input_file id="fl-23">
         <path>C:\ti\ccs2041\ccs\tools\compiler\ti-cgt-c2000_22.6.3.LTS\lib\</path>
         <kind>archive</kind>
         <file>rts2800_fpu32_eabi.lib</file>
         <name>copy_decompress_lzss.c.obj</name>
      </input_file>
      <input_file id="fl-24">
         <path>C:\ti\ccs2041\ccs\tools\compiler\ti-cgt-c2000_22.6.3.LTS\lib\</path>
         <kind>archive</kind>
         <file>rts2800_fpu32_eabi.lib</file>
         <name>exit.c.obj</name>
      </input_file>
      <input_file id="fl-25">
         <path>C:\ti\ccs2041\ccs\tools\compiler\ti-cgt-c2000_22.6.3.LTS\lib\</path>
         <kind>archive</kind>
         <file>rts2800_fpu32_eabi.lib</file>
         <name>_lock.c.obj</name>
      </input_file>
      <input_file id="fl-26">
         <path>C:\ti\ccs2041\ccs\tools\compiler\ti-cgt-c2000_22.6.3.LTS\lib\</path>
         <kind>archive</kind>
         <file>rts2800_fpu32_eabi.lib</file>
         <name>args_main.c.obj</name>
      </input_file>
      <input_file id="fl-27">
         <path>C:\ti\ccs2041\ccs\tools\compiler\ti-cgt-c2000_22.6.3.LTS\lib\</path>
         <kind>archive</kind>
         <file>rts2800_fpu32_eabi.lib</file>
         <name>memset.c.obj</name>
      </input_file>
      <input_file id="fl-28">
         <path>C:\ti\ccs2041\ccs\tools\compiler\ti-cgt-c2000_22.6.3.LTS\lib\</path>
         <kind>archive</kind>
         <file>rts2800_fpu32_eabi.lib</file>
         <name>cpy_tbl.c.obj</name>
      </input_file>
      <input_file id="fl-29">
         <path>C:\ti\ccs2041\ccs\tools\compiler\ti-cgt-c2000_22.6.3.LTS\lib\</path>
         <kind>archive</kind>
         <file>rts2800_fpu32_eabi.lib</file>
         <name>memcpy.c.obj</name>
      </input_file>
      <input_file id="fl-2a">
         <path>C:\ti\ccs2041\ccs\tools\compiler\ti-cgt-c2000_22.6.3.LTS\lib\</path>
         <kind>archive</kind>
         <file>rts2800_fpu32_eabi.lib</file>
         <name>startup.c.obj</name>
      </input_file>
   </input_file_list>
   <object_component_list>
      <object_component id="oc-26">
         <name>codestart</name>
         <load_address>0x0</load_address>
         <run_address>0x0</run_address>
         <size>0x2</size>
         <input_file_ref idref="fl-6"/>
      </object_component>
      <object_component id="oc-117">
         <name>.TI.ramfunc</name>
         <load_address>0x128</load_address>
         <run_address>0x128</run_address>
         <size>0x4</size>
         <input_file_ref idref="fl-11"/>
      </object_component>
      <object_component id="oc-1af">
         <name>.text:MCAN_msgRAMConfig</name>
         <load_address>0x8000</load_address>
         <run_address>0x8000</run_address>
         <size>0x1c2</size>
         <input_file_ref idref="fl-10"/>
      </object_component>
      <object_component id="oc-b0">
         <name>.text:main</name>
         <load_address>0x81c2</load_address>
         <run_address>0x81c2</run_address>
         <size>0x184</size>
         <input_file_ref idref="fl-4"/>
      </object_component>
      <object_component id="oc-13b">
         <name>.text:SysCtl_setClock</name>
         <load_address>0x8346</load_address>
         <run_address>0x8346</run_address>
         <size>0x123</size>
         <input_file_ref idref="fl-11"/>
      </object_component>
      <object_component id="oc-1bc">
         <name>.text:MCAN_writeMsg</name>
         <load_address>0x8469</load_address>
         <run_address>0x8469</run_address>
         <size>0x122</size>
         <input_file_ref idref="fl-10"/>
      </object_component>
      <object_component id="oc-1f7">
         <name>.text:SysCtl_isPLLValid</name>
         <load_address>0x858b</load_address>
         <run_address>0x858b</run_address>
         <size>0xfe</size>
         <input_file_ref idref="fl-11"/>
      </object_component>
      <object_component id="oc-1a3">
         <name>.text:MCAN_init</name>
         <load_address>0x8689</load_address>
         <run_address>0x8689</run_address>
         <size>0xf0</size>
         <input_file_ref idref="fl-10"/>
      </object_component>
      <object_component id="oc-ff">
         <name>.text:MCANConfig</name>
         <load_address>0x8779</load_address>
         <run_address>0x8779</run_address>
         <size>0x77</size>
         <input_file_ref idref="fl-4"/>
      </object_component>
      <object_component id="oc-de">
         <name>.text:Device_initGPIO</name>
         <load_address>0x87f0</load_address>
         <run_address>0x87f0</run_address>
         <size>0x10</size>
         <input_file_ref idref="fl-5"/>
      </object_component>
      <object_component id="oc-15a">
         <name>.text:Device_enableAllPeripherals</name>
         <load_address>0x8800</load_address>
         <run_address>0x8800</run_address>
         <size>0xce</size>
         <input_file_ref idref="fl-5"/>
      </object_component>
      <object_component id="oc-1a9">
         <name>.text:MCAN_setBitTime</name>
         <load_address>0x88ce</load_address>
         <run_address>0x88ce</run_address>
         <size>0xb9</size>
         <input_file_ref idref="fl-10"/>
      </object_component>
      <object_component id="oc-24c">
         <name>.text</name>
         <load_address>0x8987</load_address>
         <run_address>0x8987</run_address>
         <size>0x88</size>
         <input_file_ref idref="fl-1e"/>
      </object_component>
      <object_component id="oc-281">
         <name>.text:DCC_setCounterSeeds</name>
         <load_address>0x8a0f</load_address>
         <run_address>0x8a0f</run_address>
         <size>0x73</size>
         <input_file_ref idref="fl-11"/>
      </object_component>
      <object_component id="oc-166">
         <name>.text:GPIO_setAnalogMode</name>
         <load_address>0x8a82</load_address>
         <run_address>0x8a82</run_address>
         <size>0x6a</size>
         <input_file_ref idref="fl-f"/>
      </object_component>
      <object_component id="oc-f0">
         <name>.text:SysCtl_getClock</name>
         <load_address>0x8aec</load_address>
         <run_address>0x8aec</run_address>
         <size>0x65</size>
         <input_file_ref idref="fl-11"/>
      </object_component>
      <object_component id="oc-105">
         <name>.text:MCAN_writeMsgRam</name>
         <load_address>0x8b51</load_address>
         <run_address>0x8b51</run_address>
         <size>0x57</size>
         <input_file_ref idref="fl-10"/>
      </object_component>
      <object_component id="oc-1eb">
         <name>.text:SysCtl_selectOscSource</name>
         <load_address>0x8ba8</load_address>
         <run_address>0x8ba8</run_address>
         <size>0x4d</size>
         <input_file_ref idref="fl-11"/>
      </object_component>
      <object_component id="oc-23e">
         <name>.text:SysCtl_selectXTAL</name>
         <load_address>0x8bf5</load_address>
         <run_address>0x8bf5</run_address>
         <size>0x46</size>
         <input_file_ref idref="fl-11"/>
      </object_component>
      <object_component id="oc-29d">
         <name>.text:SysCtl_pollX1Counter</name>
         <load_address>0x8c3b</load_address>
         <run_address>0x8c3b</run_address>
         <size>0x45</size>
         <input_file_ref idref="fl-11"/>
      </object_component>
      <object_component id="oc-d8">
         <name>.text:Device_init</name>
         <load_address>0x8c80</load_address>
         <run_address>0x8c80</run_address>
         <size>0x3e</size>
         <input_file_ref idref="fl-5"/>
      </object_component>
      <object_component id="oc-f6">
         <name>.text:GPIO_setPinConfig</name>
         <load_address>0x8cbe</load_address>
         <run_address>0x8cbe</run_address>
         <size>0x37</size>
         <input_file_ref idref="fl-f"/>
      </object_component>
      <object_component id="oc-19">
         <name>.text:decompress:lzss</name>
         <load_address>0x8cf5</load_address>
         <run_address>0x8cf5</run_address>
         <size>0x2e</size>
         <input_file_ref idref="fl-23"/>
      </object_component>
      <object_component id="oc-10b">
         <name>.text:MCAN_txBufAddReq</name>
         <load_address>0x8d23</load_address>
         <run_address>0x8d23</run_address>
         <size>0x2c</size>
         <input_file_ref idref="fl-10"/>
      </object_component>
      <object_component id="oc-80">
         <name>.text:__TI_auto_init_nobinit_nopinit</name>
         <load_address>0x8d4f</load_address>
         <run_address>0x8d4f</run_address>
         <size>0x2b</size>
         <input_file_ref idref="fl-20"/>
      </object_component>
      <object_component id="oc-74">
         <name>.text</name>
         <load_address>0x8d7a</load_address>
         <run_address>0x8d7a</run_address>
         <size>0x29</size>
         <input_file_ref idref="fl-24"/>
      </object_component>
      <object_component id="oc-244">
         <name>.text:SysCtl_selectXTALSingleEnded</name>
         <load_address>0x8da3</load_address>
         <run_address>0x8da3</run_address>
         <size>0x25</size>
         <input_file_ref idref="fl-11"/>
      </object_component>
      <object_component id="oc-287">
         <name>.text:DCC_enableSingleShotMode</name>
         <load_address>0x8dc8</load_address>
         <run_address>0x8dc8</run_address>
         <size>0x24</size>
         <input_file_ref idref="fl-11"/>
      </object_component>
      <object_component id="oc-e4">
         <name>.text:MCAN_selectClockSource</name>
         <load_address>0x8dec</load_address>
         <run_address>0x8dec</run_address>
         <size>0x22</size>
         <input_file_ref idref="fl-10"/>
      </object_component>
      <object_component id="oc-191">
         <name>.text:MCAN_isMemInitDone</name>
         <load_address>0x8e0e</load_address>
         <run_address>0x8e0e</run_address>
         <size>0x1f</size>
         <input_file_ref idref="fl-10"/>
      </object_component>
      <object_component id="oc-275">
         <name>.text:DCC_setCounter0ClkSource</name>
         <load_address>0x8e2d</load_address>
         <run_address>0x8e2d</run_address>
         <size>0x1e</size>
         <input_file_ref idref="fl-11"/>
      </object_component>
      <object_component id="oc-27b">
         <name>.text:DCC_setCounter1ClkSource</name>
         <load_address>0x8e4b</load_address>
         <run_address>0x8e4b</run_address>
         <size>0x1e</size>
         <input_file_ref idref="fl-11"/>
      </object_component>
      <object_component id="oc-2e">
         <name>.text</name>
         <load_address>0x8e69</load_address>
         <run_address>0x8e69</run_address>
         <size>0x1d</size>
         <input_file_ref idref="fl-29"/>
      </object_component>
      <object_component id="oc-14e">
         <name>.text:SysCtl_getLowSpeedClock</name>
         <load_address>0x8e86</load_address>
         <run_address>0x8e86</run_address>
         <size>0x1a</size>
         <input_file_ref idref="fl-11"/>
      </object_component>
      <object_component id="oc-197">
         <name>.text:MCAN_setOpMode</name>
         <load_address>0x8ea0</load_address>
         <run_address>0x8ea0</run_address>
         <size>0x19</size>
         <input_file_ref idref="fl-10"/>
      </object_component>
      <object_component id="oc-1c9">
         <name>.text:MCAN_writeProtectedRegAccessLock</name>
         <load_address>0x8eb9</load_address>
         <run_address>0x8eb9</run_address>
         <size>0x19</size>
         <input_file_ref idref="fl-10"/>
      </object_component>
      <object_component id="oc-228">
         <name>.text:MCAN_writeProtectedRegAccessUnlock</name>
         <load_address>0x8ed2</load_address>
         <run_address>0x8ed2</run_address>
         <size>0x19</size>
         <input_file_ref idref="fl-10"/>
      </object_component>
      <object_component id="oc-1f1">
         <name>.text:SysCtl_setPLLSysClk</name>
         <load_address>0x8eeb</load_address>
         <run_address>0x8eeb</run_address>
         <size>0x19</size>
         <input_file_ref idref="fl-11"/>
      </object_component>
      <object_component id="oc-220">
         <name>.text:HW_WR_FIELD32_RAW</name>
         <load_address>0x8f04</load_address>
         <run_address>0x8f04</run_address>
         <size>0x17</size>
         <input_file_ref idref="fl-10"/>
      </object_component>
      <object_component id="oc-19d">
         <name>.text:MCAN_getOpMode</name>
         <load_address>0x8f1b</load_address>
         <run_address>0x8f1b</run_address>
         <size>0x17</size>
         <input_file_ref idref="fl-10"/>
      </object_component>
      <object_component id="oc-202">
         <name>.text:SysCtl_enablePeripheral</name>
         <load_address>0x8f32</load_address>
         <run_address>0x8f32</run_address>
         <size>0x17</size>
         <input_file_ref idref="fl-5"/>
      </object_component>
      <object_component id="oc-251">
         <name>.text:SysCtl_enablePeripheral</name>
         <load_address>0x8f49</load_address>
         <run_address>0x8f49</run_address>
         <size>0x17</size>
         <input_file_ref idref="fl-11"/>
      </object_component>
      <object_component id="oc-59">
         <name>.text</name>
         <load_address>0x8f60</load_address>
         <run_address>0x8f60</run_address>
         <size>0x17</size>
         <input_file_ref idref="fl-1d"/>
      </object_component>
      <object_component id="oc-26f">
         <name>.text:DCC_disableDoneSignal</name>
         <load_address>0x8f77</load_address>
         <run_address>0x8f77</run_address>
         <size>0x16</size>
         <input_file_ref idref="fl-11"/>
      </object_component>
      <object_component id="oc-25d">
         <name>.text:DCC_clearDoneFlag</name>
         <load_address>0x8f8d</load_address>
         <run_address>0x8f8d</run_address>
         <size>0x15</size>
         <input_file_ref idref="fl-11"/>
      </object_component>
      <object_component id="oc-257">
         <name>.text:DCC_clearErrorFlag</name>
         <load_address>0x8fa2</load_address>
         <run_address>0x8fa2</run_address>
         <size>0x15</size>
         <input_file_ref idref="fl-11"/>
      </object_component>
      <object_component id="oc-269">
         <name>.text:DCC_disableErrorSignal</name>
         <load_address>0x8fb7</load_address>
         <run_address>0x8fb7</run_address>
         <size>0x15</size>
         <input_file_ref idref="fl-11"/>
      </object_component>
      <object_component id="oc-2ad">
         <name>.text:DCC_isBaseValid</name>
         <load_address>0x8fcc</load_address>
         <run_address>0x8fcc</run_address>
         <size>0x15</size>
         <input_file_ref idref="fl-11"/>
      </object_component>
      <object_component id="oc-16e">
         <name>.text:GPIO_unlockPortConfig</name>
         <load_address>0x8fe1</load_address>
         <run_address>0x8fe1</run_address>
         <size>0x15</size>
         <input_file_ref idref="fl-5"/>
      </object_component>
      <object_component id="oc-122">
         <name>.text</name>
         <load_address>0x8ff6</load_address>
         <run_address>0x8ff6</run_address>
         <size>0x9</size>
         <input_file_ref idref="fl-25"/>
      </object_component>
      <object_component id="oc-c3">
         <name>.text</name>
         <load_address>0x8fff</load_address>
         <run_address>0x8fff</run_address>
         <size>0x1</size>
         <input_file_ref idref="fl-2a"/>
      </object_component>
      <object_component id="oc-263">
         <name>.text:DCC_disableModule</name>
         <load_address>0x9000</load_address>
         <run_address>0x9000</run_address>
         <size>0x14</size>
         <input_file_ref idref="fl-11"/>
      </object_component>
      <object_component id="oc-28d">
         <name>.text:DCC_enableModule</name>
         <load_address>0x9014</load_address>
         <run_address>0x9014</run_address>
         <size>0x14</size>
         <input_file_ref idref="fl-11"/>
      </object_component>
      <object_component id="oc-232">
         <name>.text:MCAN_getDataSize</name>
         <load_address>0x9028</load_address>
         <run_address>0x9028</run_address>
         <size>0x14</size>
         <input_file_ref idref="fl-10"/>
      </object_component>
      <object_component id="oc-18b">
         <name>.text:MCAN_getMsgObjSize</name>
         <load_address>0x903c</load_address>
         <run_address>0x903c</run_address>
         <size>0x14</size>
         <input_file_ref idref="fl-10"/>
      </object_component>
      <object_component id="oc-111">
         <name>.text:MCAN_getTxBufReqPend</name>
         <load_address>0x9050</load_address>
         <run_address>0x9050</run_address>
         <size>0x13</size>
         <input_file_ref idref="fl-10"/>
      </object_component>
      <object_component id="oc-ea">
         <name>.text:SysCtl_setMCANClk</name>
         <load_address>0x9063</load_address>
         <run_address>0x9063</run_address>
         <size>0x12</size>
         <input_file_ref idref="fl-4"/>
      </object_component>
      <object_component id="oc-175">
         <name>.text:MCAN_isBaseValid</name>
         <load_address>0x9075</load_address>
         <run_address>0x9075</run_address>
         <size>0x10</size>
         <input_file_ref idref="fl-10"/>
      </object_component>
      <object_component id="oc-1b6">
         <name>.text:HW_RD_FIELD32_RAW</name>
         <load_address>0x9085</load_address>
         <run_address>0x9085</run_address>
         <size>0xd</size>
         <input_file_ref idref="fl-10"/>
      </object_component>
      <object_component id="oc-141">
         <name>.text:SysCtl_setLowSpeedClock</name>
         <load_address>0x9092</load_address>
         <run_address>0x9092</run_address>
         <size>0xd</size>
         <input_file_ref idref="fl-5"/>
      </object_component>
      <object_component id="oc-36">
         <name>.text:decompress:ZI:__TI_zero_init_nomemset</name>
         <load_address>0x909f</load_address>
         <run_address>0x909f</run_address>
         <size>0xd</size>
         <input_file_ref idref="fl-21"/>
      </object_component>
      <object_component id="oc-6e">
         <name>.text</name>
         <load_address>0x90ac</load_address>
         <run_address>0x90ac</run_address>
         <size>0xc</size>
         <input_file_ref idref="fl-26"/>
      </object_component>
      <object_component id="oc-135">
         <name>.text:SysCtl_disableWatchdog</name>
         <load_address>0x90b8</load_address>
         <run_address>0x90b8</run_address>
         <size>0xb</size>
         <input_file_ref idref="fl-5"/>
      </object_component>
      <object_component id="oc-17f">
         <name>.text:SysCtl_isMCDClockFailureDetected</name>
         <load_address>0x90c3</load_address>
         <run_address>0x90c3</run_address>
         <size>0xb</size>
         <input_file_ref idref="fl-11"/>
      </object_component>
      <object_component id="oc-1f">
         <name>.text:decompress:none</name>
         <load_address>0x90ce</load_address>
         <run_address>0x90ce</run_address>
         <size>0x8</size>
         <input_file_ref idref="fl-22"/>
      </object_component>
      <object_component id="oc-42">
         <name>.text</name>
         <load_address>0x90d6</load_address>
         <run_address>0x90d6</run_address>
         <size>0x8</size>
         <input_file_ref idref="fl-6"/>
      </object_component>
      <object_component id="oc-160">
         <name>.text:ASysCtl_lockVREG</name>
         <load_address>0x90de</load_address>
         <run_address>0x90de</run_address>
         <size>0x7</size>
         <input_file_ref idref="fl-5"/>
      </object_component>
      <object_component id="oc-1c3">
         <name>.text:HW_RD_REG32_RAW</name>
         <load_address>0x90e5</load_address>
         <run_address>0x90e5</run_address>
         <size>0x7</size>
         <input_file_ref idref="fl-10"/>
      </object_component>
      <object_component id="oc-1cf">
         <name>.text:HW_WR_REG32_RAW</name>
         <load_address>0x90ec</load_address>
         <run_address>0x90ec</run_address>
         <size>0x7</size>
         <input_file_ref idref="fl-10"/>
      </object_component>
      <object_component id="oc-2a3">
         <name>.text:SysCtl_resetMCD</name>
         <load_address>0x90f3</load_address>
         <run_address>0x90f3</run_address>
         <size>0x7</size>
         <input_file_ref idref="fl-11"/>
      </object_component>
      <object_component id="oc-148">
         <name>.text:__error__</name>
         <load_address>0x90fa</load_address>
         <run_address>0x90fa</run_address>
         <size>0x7</size>
         <input_file_ref idref="fl-5"/>
      </object_component>
      <object_component id="oc-154">
         <name>.text:SysCtl_deviceCal</name>
         <load_address>0x9101</load_address>
         <run_address>0x9101</run_address>
         <size>0x4</size>
         <input_file_ref idref="fl-5"/>
      </object_component>
      <object_component id="oc-67">
         <name>.text</name>
         <load_address>0x9105</load_address>
         <run_address>0x9105</run_address>
         <size>0x2</size>
         <input_file_ref idref="fl-1f"/>
      </object_component>
      <object_component id="oc-2f1">
         <name>.cinit..data.load</name>
         <load_address>0x12c</load_address>
         <run_address>0x12c</run_address>
         <size>0x2e</size>
      </object_component>
      <object_component id="oc-2ee">
         <name>__TI_handler_table</name>
         <load_address>0x15a</load_address>
         <run_address>0x15a</run_address>
         <size>0x6</size>
      </object_component>
      <object_component id="oc-2f0">
         <name>.cinit..bss.load</name>
         <load_address>0x160</load_address>
         <run_address>0x160</run_address>
         <size>0x4</size>
      </object_component>
      <object_component id="oc-2ef">
         <name>__TI_cinit_table</name>
         <load_address>0x164</load_address>
         <run_address>0x164</run_address>
         <size>0x8</size>
      </object_component>
      <object_component id="oc-2b">
         <name>.stack</name>
         <uninitialized>true</uninitialized>
         <run_address>0x400</run_address>
         <size>0x0</size>
         <input_file_ref idref="fl-1d"/>
      </object_component>
      <object_component id="oc-2f2">
         <name>.stack</name>
         <uninitialized>true</uninitialized>
         <run_address>0x400</run_address>
         <size>0x0</size>
      </object_component>
      <object_component id="oc-118">
         <name>.bss</name>
         <uninitialized>true</uninitialized>
         <run_address>0xab40</run_address>
         <size>0x3a</size>
         <input_file_ref idref="fl-4"/>
      </object_component>
      <object_component id="oc-fc">
         <name>.bss:txMsg</name>
         <uninitialized>true</uninitialized>
         <run_address>0xa800</run_address>
         <size>0x334</size>
         <input_file_ref idref="fl-4"/>
      </object_component>
      <object_component id="oc-1ea">
         <name>.const:.string</name>
         <load_address>0xabb4</load_address>
         <run_address>0xabb4</run_address>
         <size>0x9a</size>
         <input_file_ref idref="fl-11"/>
      </object_component>
      <object_component id="oc-20a">
         <name>.const:.string</name>
         <load_address>0xac4e</load_address>
         <run_address>0xac4e</run_address>
         <size>0x98</size>
         <input_file_ref idref="fl-f"/>
      </object_component>
      <object_component id="oc-147">
         <name>.const:.string</name>
         <load_address>0xace6</load_address>
         <run_address>0xace6</run_address>
         <size>0x6f</size>
         <input_file_ref idref="fl-5"/>
      </object_component>
      <object_component id="oc-17b">
         <name>.const:.string</name>
         <load_address>0xad56</load_address>
         <run_address>0xad56</run_address>
         <size>0x4c</size>
         <input_file_ref idref="fl-10"/>
      </object_component>
      <object_component id="oc-21b">
         <name>.data:objSize</name>
         <load_address>0xab9a</load_address>
         <run_address>0xab9a</run_address>
         <size>0x10</size>
         <input_file_ref idref="fl-10"/>
      </object_component>
      <object_component id="oc-299">
         <name>.data:dataSize</name>
         <load_address>0xab7a</load_address>
         <run_address>0xab7a</run_address>
         <size>0x20</size>
         <input_file_ref idref="fl-10"/>
      </object_component>
      <object_component id="oc-b8">
         <name>.data</name>
         <load_address>0xabaa</load_address>
         <run_address>0xabaa</run_address>
         <size>0x6</size>
         <input_file_ref idref="fl-24"/>
      </object_component>
      <object_component id="oc-bb">
         <name>.data:_lock</name>
         <load_address>0xabb0</load_address>
         <run_address>0xabb0</run_address>
         <size>0x2</size>
         <input_file_ref idref="fl-25"/>
      </object_component>
      <object_component id="oc-1dc">
         <name>.data:_unlock</name>
         <load_address>0xabb2</load_address>
         <run_address>0xabb2</run_address>
         <size>0x2</size>
         <input_file_ref idref="fl-25"/>
      </object_component>
      <object_component id="oc-11c">
         <name>.debug_types</name>
         <load_address>0x0</load_address>
         <run_address>0x0</run_address>
         <size>0x1208</size>
         <input_file_ref idref="fl-4"/>
      </object_component>
      <object_component id="oc-16d">
         <name>.debug_types</name>
         <load_address>0x1208</load_address>
         <run_address>0x1208</run_address>
         <size>0xcf6</size>
         <input_file_ref idref="fl-5"/>
      </object_component>
      <object_component id="oc-188">
         <name>.debug_types</name>
         <load_address>0x1efe</load_address>
         <run_address>0x1efe</run_address>
         <size>0x4bc</size>
         <input_file_ref idref="fl-f"/>
      </object_component>
      <object_component id="oc-17d">
         <name>.debug_types</name>
         <load_address>0x23ba</load_address>
         <run_address>0x23ba</run_address>
         <size>0x18be</size>
         <input_file_ref idref="fl-10"/>
      </object_component>
      <object_component id="oc-186">
         <name>.debug_types</name>
         <load_address>0x3c78</load_address>
         <run_address>0x3c78</run_address>
         <size>0x788</size>
         <input_file_ref idref="fl-11"/>
      </object_component>
      <object_component id="oc-7f">
         <name>.debug_types</name>
         <load_address>0x0</load_address>
         <run_address>0x0</run_address>
         <size>0x0</size>
         <input_file_ref idref="fl-1f"/>
      </object_component>
      <object_component id="oc-ca">
         <name>.debug_types</name>
         <load_address>0x4400</load_address>
         <run_address>0x4400</run_address>
         <size>0x4e8</size>
         <input_file_ref idref="fl-20"/>
      </object_component>
      <object_component id="oc-51">
         <name>.debug_types</name>
         <load_address>0x48e8</load_address>
         <run_address>0x48e8</run_address>
         <size>0x194</size>
         <input_file_ref idref="fl-21"/>
      </object_component>
      <object_component id="oc-35">
         <name>.debug_types</name>
         <load_address>0x0</load_address>
         <run_address>0x0</run_address>
         <size>0x0</size>
         <input_file_ref idref="fl-22"/>
      </object_component>
      <object_component id="oc-2d">
         <name>.debug_types</name>
         <load_address>0x4a7c</load_address>
         <run_address>0x4a7c</run_address>
         <size>0x191</size>
         <input_file_ref idref="fl-23"/>
      </object_component>
      <object_component id="oc-bf">
         <name>.debug_types</name>
         <load_address>0x4c0d</load_address>
         <run_address>0x4c0d</run_address>
         <size>0xbf</size>
         <input_file_ref idref="fl-24"/>
      </object_component>
      <object_component id="oc-12a">
         <name>.debug_types</name>
         <load_address>0x4ccc</load_address>
         <run_address>0x4ccc</run_address>
         <size>0x2f</size>
         <input_file_ref idref="fl-25"/>
      </object_component>
      <object_component id="oc-b7">
         <name>.debug_types</name>
         <load_address>0x4cfb</load_address>
         <run_address>0x4cfb</run_address>
         <size>0xe1</size>
         <input_file_ref idref="fl-26"/>
      </object_component>
      <object_component id="oc-4c">
         <name>.debug_types</name>
         <load_address>0x4ddc</load_address>
         <run_address>0x4ddc</run_address>
         <size>0xb8</size>
         <input_file_ref idref="fl-29"/>
      </object_component>
      <object_component id="oc-12f">
         <name>.debug_types</name>
         <load_address>0x0</load_address>
         <run_address>0x0</run_address>
         <size>0x0</size>
         <input_file_ref idref="fl-2a"/>
      </object_component>
      <object_component id="oc-119">
         <name>.debug_info</name>
         <load_address>0x0</load_address>
         <run_address>0x0</run_address>
         <size>0x510</size>
         <input_file_ref idref="fl-4"/>
      </object_component>
      <object_component id="oc-fd">
         <name>.debug_info</name>
         <load_address>0x510</load_address>
         <run_address>0x510</run_address>
         <size>0x100</size>
         <input_file_ref idref="fl-4"/>
      </object_component>
      <object_component id="oc-ee">
         <name>.debug_info</name>
         <load_address>0x610</load_address>
         <run_address>0x610</run_address>
         <size>0x1ab</size>
         <input_file_ref idref="fl-4"/>
      </object_component>
      <object_component id="oc-b3">
         <name>.debug_info</name>
         <load_address>0x7bb</load_address>
         <run_address>0x7bb</run_address>
         <size>0x263</size>
         <input_file_ref idref="fl-4"/>
      </object_component>
      <object_component id="oc-100">
         <name>.debug_info</name>
         <load_address>0xa1e</load_address>
         <run_address>0xa1e</run_address>
         <size>0x273</size>
         <input_file_ref idref="fl-4"/>
      </object_component>
      <object_component id="oc-161">
         <name>.debug_info</name>
         <load_address>0xc91</load_address>
         <run_address>0xc91</run_address>
         <size>0x177</size>
         <input_file_ref idref="fl-5"/>
      </object_component>
      <object_component id="oc-156">
         <name>.debug_info</name>
         <load_address>0xe08</load_address>
         <run_address>0xe08</run_address>
         <size>0x17b</size>
         <input_file_ref idref="fl-5"/>
      </object_component>
      <object_component id="oc-204">
         <name>.debug_info</name>
         <load_address>0xf83</load_address>
         <run_address>0xf83</run_address>
         <size>0x1db</size>
         <input_file_ref idref="fl-5"/>
      </object_component>
      <object_component id="oc-143">
         <name>.debug_info</name>
         <load_address>0x115e</load_address>
         <run_address>0x115e</run_address>
         <size>0x1af</size>
         <input_file_ref idref="fl-5"/>
      </object_component>
      <object_component id="oc-136">
         <name>.debug_info</name>
         <load_address>0x130d</load_address>
         <run_address>0x130d</run_address>
         <size>0x182</size>
         <input_file_ref idref="fl-5"/>
      </object_component>
      <object_component id="oc-16f">
         <name>.debug_info</name>
         <load_address>0x148f</load_address>
         <run_address>0x148f</run_address>
         <size>0x1de</size>
         <input_file_ref idref="fl-5"/>
      </object_component>
      <object_component id="oc-da">
         <name>.debug_info</name>
         <load_address>0x166d</load_address>
         <run_address>0x166d</run_address>
         <size>0x23d</size>
         <input_file_ref idref="fl-5"/>
      </object_component>
      <object_component id="oc-15b">
         <name>.debug_info</name>
         <load_address>0x18aa</load_address>
         <run_address>0x18aa</run_address>
         <size>0x79a</size>
         <input_file_ref idref="fl-5"/>
      </object_component>
      <object_component id="oc-e0">
         <name>.debug_info</name>
         <load_address>0x2044</load_address>
         <run_address>0x2044</run_address>
         <size>0x17b</size>
         <input_file_ref idref="fl-5"/>
      </object_component>
      <object_component id="oc-14a">
         <name>.debug_info</name>
         <load_address>0x21bf</load_address>
         <run_address>0x21bf</run_address>
         <size>0x16a</size>
         <input_file_ref idref="fl-5"/>
      </object_component>
      <object_component id="oc-28">
         <name>.debug_info</name>
         <load_address>0x2329</load_address>
         <run_address>0x2329</run_address>
         <size>0x11d</size>
         <input_file_ref idref="fl-6"/>
      </object_component>
      <object_component id="oc-44">
         <name>.debug_info</name>
         <load_address>0x2446</load_address>
         <run_address>0x2446</run_address>
         <size>0x11e</size>
         <input_file_ref idref="fl-6"/>
      </object_component>
      <object_component id="oc-167">
         <name>.debug_info</name>
         <load_address>0x2564</load_address>
         <run_address>0x2564</run_address>
         <size>0x227</size>
         <input_file_ref idref="fl-f"/>
      </object_component>
      <object_component id="oc-f9">
         <name>.debug_info</name>
         <load_address>0x278b</load_address>
         <run_address>0x278b</run_address>
         <size>0x214</size>
         <input_file_ref idref="fl-f"/>
      </object_component>
      <object_component id="oc-21c">
         <name>.debug_info</name>
         <load_address>0x299f</load_address>
         <run_address>0x299f</run_address>
         <size>0x138</size>
         <input_file_ref idref="fl-10"/>
      </object_component>
      <object_component id="oc-29a">
         <name>.debug_info</name>
         <load_address>0x2ad7</load_address>
         <run_address>0x2ad7</run_address>
         <size>0x13a</size>
         <input_file_ref idref="fl-10"/>
      </object_component>
      <object_component id="oc-1c5">
         <name>.debug_info</name>
         <load_address>0x2c11</load_address>
         <run_address>0x2c11</run_address>
         <size>0x1ee</size>
         <input_file_ref idref="fl-10"/>
      </object_component>
      <object_component id="oc-1d1">
         <name>.debug_info</name>
         <load_address>0x2dff</load_address>
         <run_address>0x2dff</run_address>
         <size>0x1e5</size>
         <input_file_ref idref="fl-10"/>
      </object_component>
      <object_component id="oc-222">
         <name>.debug_info</name>
         <load_address>0x2fe4</load_address>
         <run_address>0x2fe4</run_address>
         <size>0x21f</size>
         <input_file_ref idref="fl-10"/>
      </object_component>
      <object_component id="oc-1b8">
         <name>.debug_info</name>
         <load_address>0x3203</load_address>
         <run_address>0x3203</run_address>
         <size>0x215</size>
         <input_file_ref idref="fl-10"/>
      </object_component>
      <object_component id="oc-177">
         <name>.debug_info</name>
         <load_address>0x3418</load_address>
         <run_address>0x3418</run_address>
         <size>0x1d6</size>
         <input_file_ref idref="fl-10"/>
      </object_component>
      <object_component id="oc-e6">
         <name>.debug_info</name>
         <load_address>0x35ee</load_address>
         <run_address>0x35ee</run_address>
         <size>0x225</size>
         <input_file_ref idref="fl-10"/>
      </object_component>
      <object_component id="oc-193">
         <name>.debug_info</name>
         <load_address>0x3813</load_address>
         <run_address>0x3813</run_address>
         <size>0x23e</size>
         <input_file_ref idref="fl-10"/>
      </object_component>
      <object_component id="oc-199">
         <name>.debug_info</name>
         <load_address>0x3a51</load_address>
         <run_address>0x3a51</run_address>
         <size>0x219</size>
         <input_file_ref idref="fl-10"/>
      </object_component>
      <object_component id="oc-19f">
         <name>.debug_info</name>
         <load_address>0x3c6a</load_address>
         <run_address>0x3c6a</run_address>
         <size>0x210</size>
         <input_file_ref idref="fl-10"/>
      </object_component>
      <object_component id="oc-1a5">
         <name>.debug_info</name>
         <load_address>0x3e7a</load_address>
         <run_address>0x3e7a</run_address>
         <size>0x340</size>
         <input_file_ref idref="fl-10"/>
      </object_component>
      <object_component id="oc-1aa">
         <name>.debug_info</name>
         <load_address>0x41ba</load_address>
         <run_address>0x41ba</run_address>
         <size>0x345</size>
         <input_file_ref idref="fl-10"/>
      </object_component>
      <object_component id="oc-1b0">
         <name>.debug_info</name>
         <load_address>0x44ff</load_address>
         <run_address>0x44ff</run_address>
         <size>0x4d9</size>
         <input_file_ref idref="fl-10"/>
      </object_component>
      <object_component id="oc-106">
         <name>.debug_info</name>
         <load_address>0x49d8</load_address>
         <run_address>0x49d8</run_address>
         <size>0x313</size>
         <input_file_ref idref="fl-10"/>
      </object_component>
      <object_component id="oc-10c">
         <name>.debug_info</name>
         <load_address>0x4ceb</load_address>
         <run_address>0x4ceb</run_address>
         <size>0x286</size>
         <input_file_ref idref="fl-10"/>
      </object_component>
      <object_component id="oc-112">
         <name>.debug_info</name>
         <load_address>0x4f71</load_address>
         <run_address>0x4f71</run_address>
         <size>0x21a</size>
         <input_file_ref idref="fl-10"/>
      </object_component>
      <object_component id="oc-229">
         <name>.debug_info</name>
         <load_address>0x518b</load_address>
         <run_address>0x518b</run_address>
         <size>0x230</size>
         <input_file_ref idref="fl-10"/>
      </object_component>
      <object_component id="oc-1ca">
         <name>.debug_info</name>
         <load_address>0x53bb</load_address>
         <run_address>0x53bb</run_address>
         <size>0x22c</size>
         <input_file_ref idref="fl-10"/>
      </object_component>
      <object_component id="oc-1bd">
         <name>.debug_info</name>
         <load_address>0x55e7</load_address>
         <run_address>0x55e7</run_address>
         <size>0x300</size>
         <input_file_ref idref="fl-10"/>
      </object_component>
      <object_component id="oc-233">
         <name>.debug_info</name>
         <load_address>0x58e7</load_address>
         <run_address>0x58e7</run_address>
         <size>0x1dd</size>
         <input_file_ref idref="fl-10"/>
      </object_component>
      <object_component id="oc-18c">
         <name>.debug_info</name>
         <load_address>0x5ac4</load_address>
         <run_address>0x5ac4</run_address>
         <size>0x1eb</size>
         <input_file_ref idref="fl-10"/>
      </object_component>
      <object_component id="oc-253">
         <name>.debug_info</name>
         <load_address>0x5caf</load_address>
         <run_address>0x5caf</run_address>
         <size>0x210</size>
         <input_file_ref idref="fl-11"/>
      </object_component>
      <object_component id="oc-180">
         <name>.debug_info</name>
         <load_address>0x5ebf</load_address>
         <run_address>0x5ebf</run_address>
         <size>0x1d3</size>
         <input_file_ref idref="fl-11"/>
      </object_component>
      <object_component id="oc-2a5">
         <name>.debug_info</name>
         <load_address>0x6092</load_address>
         <run_address>0x6092</run_address>
         <size>0x1a9</size>
         <input_file_ref idref="fl-11"/>
      </object_component>
      <object_component id="oc-1f3">
         <name>.debug_info</name>
         <load_address>0x623b</load_address>
         <run_address>0x623b</run_address>
         <size>0x1d8</size>
         <input_file_ref idref="fl-11"/>
      </object_component>
      <object_component id="oc-2af">
         <name>.debug_info</name>
         <load_address>0x6413</load_address>
         <run_address>0x6413</run_address>
         <size>0x1cd</size>
         <input_file_ref idref="fl-11"/>
      </object_component>
      <object_component id="oc-28e">
         <name>.debug_info</name>
         <load_address>0x65e0</load_address>
         <run_address>0x65e0</run_address>
         <size>0x1eb</size>
         <input_file_ref idref="fl-11"/>
      </object_component>
      <object_component id="oc-264">
         <name>.debug_info</name>
         <load_address>0x67cb</load_address>
         <run_address>0x67cb</run_address>
         <size>0x1ed</size>
         <input_file_ref idref="fl-11"/>
      </object_component>
      <object_component id="oc-26a">
         <name>.debug_info</name>
         <load_address>0x69b8</load_address>
         <run_address>0x69b8</run_address>
         <size>0x1f9</size>
         <input_file_ref idref="fl-11"/>
      </object_component>
      <object_component id="oc-270">
         <name>.debug_info</name>
         <load_address>0x6bb1</load_address>
         <run_address>0x6bb1</run_address>
         <size>0x1f7</size>
         <input_file_ref idref="fl-11"/>
      </object_component>
      <object_component id="oc-288">
         <name>.debug_info</name>
         <load_address>0x6da8</load_address>
         <run_address>0x6da8</run_address>
         <size>0x21e</size>
         <input_file_ref idref="fl-11"/>
      </object_component>
      <object_component id="oc-259">
         <name>.debug_info</name>
         <load_address>0x6fc6</load_address>
         <run_address>0x6fc6</run_address>
         <size>0x1f1</size>
         <input_file_ref idref="fl-11"/>
      </object_component>
      <object_component id="oc-25e">
         <name>.debug_info</name>
         <load_address>0x71b7</load_address>
         <run_address>0x71b7</run_address>
         <size>0x1ef</size>
         <input_file_ref idref="fl-11"/>
      </object_component>
      <object_component id="oc-27d">
         <name>.debug_info</name>
         <load_address>0x73a6</load_address>
         <run_address>0x73a6</run_address>
         <size>0x222</size>
         <input_file_ref idref="fl-11"/>
      </object_component>
      <object_component id="oc-276">
         <name>.debug_info</name>
         <load_address>0x75c8</load_address>
         <run_address>0x75c8</run_address>
         <size>0x222</size>
         <input_file_ref idref="fl-11"/>
      </object_component>
      <object_component id="oc-283">
         <name>.debug_info</name>
         <load_address>0x77ea</load_address>
         <run_address>0x77ea</run_address>
         <size>0x291</size>
         <input_file_ref idref="fl-11"/>
      </object_component>
      <object_component id="oc-29e">
         <name>.debug_info</name>
         <load_address>0x7a7b</load_address>
         <run_address>0x7a7b</run_address>
         <size>0x20d</size>
         <input_file_ref idref="fl-11"/>
      </object_component>
      <object_component id="oc-f2">
         <name>.debug_info</name>
         <load_address>0x7c88</load_address>
         <run_address>0x7c88</run_address>
         <size>0x26c</size>
         <input_file_ref idref="fl-11"/>
      </object_component>
      <object_component id="oc-13d">
         <name>.debug_info</name>
         <load_address>0x7ef4</load_address>
         <run_address>0x7ef4</run_address>
         <size>0x3eb</size>
         <input_file_ref idref="fl-11"/>
      </object_component>
      <object_component id="oc-23f">
         <name>.debug_info</name>
         <load_address>0x82df</load_address>
         <run_address>0x82df</run_address>
         <size>0x245</size>
         <input_file_ref idref="fl-11"/>
      </object_component>
      <object_component id="oc-245">
         <name>.debug_info</name>
         <load_address>0x8524</load_address>
         <run_address>0x8524</run_address>
         <size>0x216</size>
         <input_file_ref idref="fl-11"/>
      </object_component>
      <object_component id="oc-1ec">
         <name>.debug_info</name>
         <load_address>0x873a</load_address>
         <run_address>0x873a</run_address>
         <size>0x22a</size>
         <input_file_ref idref="fl-11"/>
      </object_component>
      <object_component id="oc-14f">
         <name>.debug_info</name>
         <load_address>0x8964</load_address>
         <run_address>0x8964</run_address>
         <size>0x216</size>
         <input_file_ref idref="fl-11"/>
      </object_component>
      <object_component id="oc-1f8">
         <name>.debug_info</name>
         <load_address>0x8b7a</load_address>
         <run_address>0x8b7a</run_address>
         <size>0x4a1</size>
         <input_file_ref idref="fl-11"/>
      </object_component>
      <object_component id="oc-5a">
         <name>.debug_info</name>
         <load_address>0x901b</load_address>
         <run_address>0x901b</run_address>
         <size>0x140</size>
         <input_file_ref idref="fl-1d"/>
      </object_component>
      <object_component id="oc-24e">
         <name>.debug_info</name>
         <load_address>0x915b</load_address>
         <run_address>0x915b</run_address>
         <size>0x10f</size>
         <input_file_ref idref="fl-1e"/>
      </object_component>
      <object_component id="oc-69">
         <name>.debug_info</name>
         <load_address>0x926a</load_address>
         <run_address>0x926a</run_address>
         <size>0x135</size>
         <input_file_ref idref="fl-1f"/>
      </object_component>
      <object_component id="oc-83">
         <name>.debug_info</name>
         <load_address>0x939f</load_address>
         <run_address>0x939f</run_address>
         <size>0x1a7</size>
         <input_file_ref idref="fl-20"/>
      </object_component>
      <object_component id="oc-38">
         <name>.debug_info</name>
         <load_address>0x9546</load_address>
         <run_address>0x9546</run_address>
         <size>0x19e</size>
         <input_file_ref idref="fl-21"/>
      </object_component>
      <object_component id="oc-22">
         <name>.debug_info</name>
         <load_address>0x96e4</load_address>
         <run_address>0x96e4</run_address>
         <size>0x19f</size>
         <input_file_ref idref="fl-22"/>
      </object_component>
      <object_component id="oc-1a">
         <name>.debug_info</name>
         <load_address>0x9883</load_address>
         <run_address>0x9883</run_address>
         <size>0x1f4</size>
         <input_file_ref idref="fl-23"/>
      </object_component>
      <object_component id="oc-b9">
         <name>.debug_info</name>
         <load_address>0x9a77</load_address>
         <run_address>0x9a77</run_address>
         <size>0x186</size>
         <input_file_ref idref="fl-24"/>
      </object_component>
      <object_component id="oc-75">
         <name>.debug_info</name>
         <load_address>0x9bfd</load_address>
         <run_address>0x9bfd</run_address>
         <size>0x191</size>
         <input_file_ref idref="fl-24"/>
      </object_component>
      <object_component id="oc-bc">
         <name>.debug_info</name>
         <load_address>0x9d8e</load_address>
         <run_address>0x9d8e</run_address>
         <size>0xef</size>
         <input_file_ref idref="fl-25"/>
      </object_component>
      <object_component id="oc-1dd">
         <name>.debug_info</name>
         <load_address>0x9e7d</load_address>
         <run_address>0x9e7d</run_address>
         <size>0xf3</size>
         <input_file_ref idref="fl-25"/>
      </object_component>
      <object_component id="oc-123">
         <name>.debug_info</name>
         <load_address>0x9f70</load_address>
         <run_address>0x9f70</run_address>
         <size>0x1eb</size>
         <input_file_ref idref="fl-25"/>
      </object_component>
      <object_component id="oc-6f">
         <name>.debug_info</name>
         <load_address>0xa15b</load_address>
         <run_address>0xa15b</run_address>
         <size>0x145</size>
         <input_file_ref idref="fl-26"/>
      </object_component>
      <object_component id="oc-30">
         <name>.debug_info</name>
         <load_address>0xa2a0</load_address>
         <run_address>0xa2a0</run_address>
         <size>0x183</size>
         <input_file_ref idref="fl-29"/>
      </object_component>
      <object_component id="oc-c5">
         <name>.debug_info</name>
         <load_address>0xa423</load_address>
         <run_address>0xa423</run_address>
         <size>0x12f</size>
         <input_file_ref idref="fl-2a"/>
      </object_component>
      <object_component id="oc-2f6">
         <name>.debug_info</name>
         <load_address>0xa552</load_address>
         <run_address>0xa552</run_address>
         <size>0xbd</size>
      </object_component>
      <object_component id="oc-1d8">
         <name>.debug_line</name>
         <load_address>0x0</load_address>
         <run_address>0x0</run_address>
         <size>0x43</size>
         <input_file_ref idref="fl-4"/>
      </object_component>
      <object_component id="oc-18a">
         <name>.debug_line</name>
         <load_address>0x43</load_address>
         <run_address>0x43</run_address>
         <size>0x43</size>
         <input_file_ref idref="fl-4"/>
      </object_component>
      <object_component id="oc-ed">
         <name>.debug_line</name>
         <load_address>0x86</load_address>
         <run_address>0x86</run_address>
         <size>0x98</size>
         <input_file_ref idref="fl-4"/>
      </object_component>
      <object_component id="oc-b1">
         <name>.debug_line</name>
         <load_address>0x11e</load_address>
         <run_address>0x11e</run_address>
         <size>0x12f</size>
         <input_file_ref idref="fl-4"/>
      </object_component>
      <object_component id="oc-103">
         <name>.debug_line</name>
         <load_address>0x24d</load_address>
         <run_address>0x24d</run_address>
         <size>0x7b</size>
         <input_file_ref idref="fl-4"/>
      </object_component>
      <object_component id="oc-1da">
         <name>.debug_line</name>
         <load_address>0x2c8</load_address>
         <run_address>0x2c8</run_address>
         <size>0x18b</size>
         <input_file_ref idref="fl-4"/>
      </object_component>
      <object_component id="oc-165">
         <name>.debug_line</name>
         <load_address>0x453</load_address>
         <run_address>0x453</run_address>
         <size>0x98</size>
         <input_file_ref idref="fl-5"/>
      </object_component>
      <object_component id="oc-159">
         <name>.debug_line</name>
         <load_address>0x4eb</load_address>
         <run_address>0x4eb</run_address>
         <size>0x95</size>
         <input_file_ref idref="fl-5"/>
      </object_component>
      <object_component id="oc-203">
         <name>.debug_line</name>
         <load_address>0x580</load_address>
         <run_address>0x580</run_address>
         <size>0x99</size>
         <input_file_ref idref="fl-5"/>
      </object_component>
      <object_component id="oc-146">
         <name>.debug_line</name>
         <load_address>0x619</load_address>
         <run_address>0x619</run_address>
         <size>0x97</size>
         <input_file_ref idref="fl-5"/>
      </object_component>
      <object_component id="oc-139">
         <name>.debug_line</name>
         <load_address>0x6b0</load_address>
         <run_address>0x6b0</run_address>
         <size>0x98</size>
         <input_file_ref idref="fl-5"/>
      </object_component>
      <object_component id="oc-172">
         <name>.debug_line</name>
         <load_address>0x748</load_address>
         <run_address>0x748</run_address>
         <size>0x96</size>
         <input_file_ref idref="fl-5"/>
      </object_component>
      <object_component id="oc-d9">
         <name>.debug_line</name>
         <load_address>0x7de</load_address>
         <run_address>0x7de</run_address>
         <size>0x5c</size>
         <input_file_ref idref="fl-5"/>
      </object_component>
      <object_component id="oc-15e">
         <name>.debug_line</name>
         <load_address>0x83a</load_address>
         <run_address>0x83a</run_address>
         <size>0x84</size>
         <input_file_ref idref="fl-5"/>
      </object_component>
      <object_component id="oc-df">
         <name>.debug_line</name>
         <load_address>0x8be</load_address>
         <run_address>0x8be</run_address>
         <size>0x4f</size>
         <input_file_ref idref="fl-5"/>
      </object_component>
      <object_component id="oc-149">
         <name>.debug_line</name>
         <load_address>0x90d</load_address>
         <run_address>0x90d</run_address>
         <size>0x4d</size>
         <input_file_ref idref="fl-5"/>
      </object_component>
      <object_component id="oc-20d">
         <name>.debug_line</name>
         <load_address>0x95a</load_address>
         <run_address>0x95a</run_address>
         <size>0xdb</size>
         <input_file_ref idref="fl-5"/>
      </object_component>
      <object_component id="oc-2a">
         <name>.debug_line</name>
         <load_address>0xa35</load_address>
         <run_address>0xa35</run_address>
         <size>0x55</size>
         <input_file_ref idref="fl-6"/>
      </object_component>
      <object_component id="oc-46">
         <name>.debug_line</name>
         <load_address>0xa8a</load_address>
         <run_address>0xa8a</run_address>
         <size>0x5d</size>
         <input_file_ref idref="fl-6"/>
      </object_component>
      <object_component id="oc-16b">
         <name>.debug_line</name>
         <load_address>0xae7</load_address>
         <run_address>0xae7</run_address>
         <size>0x9f</size>
         <input_file_ref idref="fl-f"/>
      </object_component>
      <object_component id="oc-f8">
         <name>.debug_line</name>
         <load_address>0xb86</load_address>
         <run_address>0xb86</run_address>
         <size>0x8d</size>
         <input_file_ref idref="fl-f"/>
      </object_component>
      <object_component id="oc-219">
         <name>.debug_line</name>
         <load_address>0xc13</load_address>
         <run_address>0xc13</run_address>
         <size>0xc0</size>
         <input_file_ref idref="fl-f"/>
      </object_component>
      <object_component id="oc-296">
         <name>.debug_line</name>
         <load_address>0xcd3</load_address>
         <run_address>0xcd3</run_address>
         <size>0x70</size>
         <input_file_ref idref="fl-10"/>
      </object_component>
      <object_component id="oc-2be">
         <name>.debug_line</name>
         <load_address>0xd43</load_address>
         <run_address>0xd43</run_address>
         <size>0x70</size>
         <input_file_ref idref="fl-10"/>
      </object_component>
      <object_component id="oc-1c4">
         <name>.debug_line</name>
         <load_address>0xdb3</load_address>
         <run_address>0xdb3</run_address>
         <size>0x96</size>
         <input_file_ref idref="fl-10"/>
      </object_component>
      <object_component id="oc-1d0">
         <name>.debug_line</name>
         <load_address>0xe49</load_address>
         <run_address>0xe49</run_address>
         <size>0x94</size>
         <input_file_ref idref="fl-10"/>
      </object_component>
      <object_component id="oc-221">
         <name>.debug_line</name>
         <load_address>0xedd</load_address>
         <run_address>0xedd</run_address>
         <size>0x99</size>
         <input_file_ref idref="fl-10"/>
      </object_component>
      <object_component id="oc-1b7">
         <name>.debug_line</name>
         <load_address>0xf76</load_address>
         <run_address>0xf76</run_address>
         <size>0x97</size>
         <input_file_ref idref="fl-10"/>
      </object_component>
      <object_component id="oc-176">
         <name>.debug_line</name>
         <load_address>0x100d</load_address>
         <run_address>0x100d</run_address>
         <size>0x82</size>
         <input_file_ref idref="fl-10"/>
      </object_component>
      <object_component id="oc-e5">
         <name>.debug_line</name>
         <load_address>0x108f</load_address>
         <run_address>0x108f</run_address>
         <size>0x94</size>
         <input_file_ref idref="fl-10"/>
      </object_component>
      <object_component id="oc-192">
         <name>.debug_line</name>
         <load_address>0x1123</load_address>
         <run_address>0x1123</run_address>
         <size>0x8f</size>
         <input_file_ref idref="fl-10"/>
      </object_component>
      <object_component id="oc-198">
         <name>.debug_line</name>
         <load_address>0x11b2</load_address>
         <run_address>0x11b2</run_address>
         <size>0x87</size>
         <input_file_ref idref="fl-10"/>
      </object_component>
      <object_component id="oc-19e">
         <name>.debug_line</name>
         <load_address>0x1239</load_address>
         <run_address>0x1239</run_address>
         <size>0x87</size>
         <input_file_ref idref="fl-10"/>
      </object_component>
      <object_component id="oc-1a4">
         <name>.debug_line</name>
         <load_address>0x12c0</load_address>
         <run_address>0x12c0</run_address>
         <size>0xa1</size>
         <input_file_ref idref="fl-10"/>
      </object_component>
      <object_component id="oc-1ae">
         <name>.debug_line</name>
         <load_address>0x1361</load_address>
         <run_address>0x1361</run_address>
         <size>0xa2</size>
         <input_file_ref idref="fl-10"/>
      </object_component>
      <object_component id="oc-1b4">
         <name>.debug_line</name>
         <load_address>0x1403</load_address>
         <run_address>0x1403</run_address>
         <size>0xc5</size>
         <input_file_ref idref="fl-10"/>
      </object_component>
      <object_component id="oc-10a">
         <name>.debug_line</name>
         <load_address>0x14c8</load_address>
         <run_address>0x14c8</run_address>
         <size>0xae</size>
         <input_file_ref idref="fl-10"/>
      </object_component>
      <object_component id="oc-110">
         <name>.debug_line</name>
         <load_address>0x1576</load_address>
         <run_address>0x1576</run_address>
         <size>0x92</size>
         <input_file_ref idref="fl-10"/>
      </object_component>
      <object_component id="oc-116">
         <name>.debug_line</name>
         <load_address>0x1608</load_address>
         <run_address>0x1608</run_address>
         <size>0x87</size>
         <input_file_ref idref="fl-10"/>
      </object_component>
      <object_component id="oc-22c">
         <name>.debug_line</name>
         <load_address>0x168f</load_address>
         <run_address>0x168f</run_address>
         <size>0x87</size>
         <input_file_ref idref="fl-10"/>
      </object_component>
      <object_component id="oc-1cd">
         <name>.debug_line</name>
         <load_address>0x1716</load_address>
         <run_address>0x1716</run_address>
         <size>0x87</size>
         <input_file_ref idref="fl-10"/>
      </object_component>
      <object_component id="oc-1c0">
         <name>.debug_line</name>
         <load_address>0x179d</load_address>
         <run_address>0x179d</run_address>
         <size>0xb6</size>
         <input_file_ref idref="fl-10"/>
      </object_component>
      <object_component id="oc-236">
         <name>.debug_line</name>
         <load_address>0x1853</load_address>
         <run_address>0x1853</run_address>
         <size>0x87</size>
         <input_file_ref idref="fl-10"/>
      </object_component>
      <object_component id="oc-18f">
         <name>.debug_line</name>
         <load_address>0x18da</load_address>
         <run_address>0x18da</run_address>
         <size>0x87</size>
         <input_file_ref idref="fl-10"/>
      </object_component>
      <object_component id="oc-212">
         <name>.debug_line</name>
         <load_address>0x1961</load_address>
         <run_address>0x1961</run_address>
         <size>0x16b</size>
         <input_file_ref idref="fl-10"/>
      </object_component>
      <object_component id="oc-252">
         <name>.debug_line</name>
         <load_address>0x1acc</load_address>
         <run_address>0x1acc</run_address>
         <size>0x8c</size>
         <input_file_ref idref="fl-11"/>
      </object_component>
      <object_component id="oc-183">
         <name>.debug_line</name>
         <load_address>0x1b58</load_address>
         <run_address>0x1b58</run_address>
         <size>0x88</size>
         <input_file_ref idref="fl-11"/>
      </object_component>
      <object_component id="oc-2a4">
         <name>.debug_line</name>
         <load_address>0x1be0</load_address>
         <run_address>0x1be0</run_address>
         <size>0x8a</size>
         <input_file_ref idref="fl-11"/>
      </object_component>
      <object_component id="oc-1f2">
         <name>.debug_line</name>
         <load_address>0x1c6a</load_address>
         <run_address>0x1c6a</run_address>
         <size>0x92</size>
         <input_file_ref idref="fl-11"/>
      </object_component>
      <object_component id="oc-2ae">
         <name>.debug_line</name>
         <load_address>0x1cfc</load_address>
         <run_address>0x1cfc</run_address>
         <size>0x85</size>
         <input_file_ref idref="fl-11"/>
      </object_component>
      <object_component id="oc-291">
         <name>.debug_line</name>
         <load_address>0x1d81</load_address>
         <run_address>0x1d81</run_address>
         <size>0x88</size>
         <input_file_ref idref="fl-11"/>
      </object_component>
      <object_component id="oc-267">
         <name>.debug_line</name>
         <load_address>0x1e09</load_address>
         <run_address>0x1e09</run_address>
         <size>0x88</size>
         <input_file_ref idref="fl-11"/>
      </object_component>
      <object_component id="oc-26d">
         <name>.debug_line</name>
         <load_address>0x1e91</load_address>
         <run_address>0x1e91</run_address>
         <size>0x88</size>
         <input_file_ref idref="fl-11"/>
      </object_component>
      <object_component id="oc-273">
         <name>.debug_line</name>
         <load_address>0x1f19</load_address>
         <run_address>0x1f19</run_address>
         <size>0x88</size>
         <input_file_ref idref="fl-11"/>
      </object_component>
      <object_component id="oc-28b">
         <name>.debug_line</name>
         <load_address>0x1fa1</load_address>
         <run_address>0x1fa1</run_address>
         <size>0x8e</size>
         <input_file_ref idref="fl-11"/>
      </object_component>
      <object_component id="oc-258">
         <name>.debug_line</name>
         <load_address>0x202f</load_address>
         <run_address>0x202f</run_address>
         <size>0x88</size>
         <input_file_ref idref="fl-11"/>
      </object_component>
      <object_component id="oc-261">
         <name>.debug_line</name>
         <load_address>0x20b7</load_address>
         <run_address>0x20b7</run_address>
         <size>0x88</size>
         <input_file_ref idref="fl-11"/>
      </object_component>
      <object_component id="oc-27c">
         <name>.debug_line</name>
         <load_address>0x213f</load_address>
         <run_address>0x213f</run_address>
         <size>0x88</size>
         <input_file_ref idref="fl-11"/>
      </object_component>
      <object_component id="oc-279">
         <name>.debug_line</name>
         <load_address>0x21c7</load_address>
         <run_address>0x21c7</run_address>
         <size>0x88</size>
         <input_file_ref idref="fl-11"/>
      </object_component>
      <object_component id="oc-282">
         <name>.debug_line</name>
         <load_address>0x224f</load_address>
         <run_address>0x224f</run_address>
         <size>0x92</size>
         <input_file_ref idref="fl-11"/>
      </object_component>
      <object_component id="oc-2a1">
         <name>.debug_line</name>
         <load_address>0x22e1</load_address>
         <run_address>0x22e1</run_address>
         <size>0xc1</size>
         <input_file_ref idref="fl-11"/>
      </object_component>
      <object_component id="oc-f1">
         <name>.debug_line</name>
         <load_address>0x23a2</load_address>
         <run_address>0x23a2</run_address>
         <size>0xae</size>
         <input_file_ref idref="fl-11"/>
      </object_component>
      <object_component id="oc-13c">
         <name>.debug_line</name>
         <load_address>0x2450</load_address>
         <run_address>0x2450</run_address>
         <size>0xf8</size>
         <input_file_ref idref="fl-11"/>
      </object_component>
      <object_component id="oc-242">
         <name>.debug_line</name>
         <load_address>0x2548</load_address>
         <run_address>0x2548</run_address>
         <size>0xb3</size>
         <input_file_ref idref="fl-11"/>
      </object_component>
      <object_component id="oc-248">
         <name>.debug_line</name>
         <load_address>0x25fb</load_address>
         <run_address>0x25fb</run_address>
         <size>0x9b</size>
         <input_file_ref idref="fl-11"/>
      </object_component>
      <object_component id="oc-1ef">
         <name>.debug_line</name>
         <load_address>0x2696</load_address>
         <run_address>0x2696</run_address>
         <size>0xa3</size>
         <input_file_ref idref="fl-11"/>
      </object_component>
      <object_component id="oc-152">
         <name>.debug_line</name>
         <load_address>0x2739</load_address>
         <run_address>0x2739</run_address>
         <size>0x8f</size>
         <input_file_ref idref="fl-11"/>
      </object_component>
      <object_component id="oc-1fc">
         <name>.debug_line</name>
         <load_address>0x27c8</load_address>
         <run_address>0x27c8</run_address>
         <size>0xe6</size>
         <input_file_ref idref="fl-11"/>
      </object_component>
      <object_component id="oc-216">
         <name>.debug_line</name>
         <load_address>0x28ae</load_address>
         <run_address>0x28ae</run_address>
         <size>0xc2</size>
         <input_file_ref idref="fl-11"/>
      </object_component>
      <object_component id="oc-5d">
         <name>.debug_line</name>
         <load_address>0x2970</load_address>
         <run_address>0x2970</run_address>
         <size>0x4f</size>
         <input_file_ref idref="fl-1d"/>
      </object_component>
      <object_component id="oc-250">
         <name>.debug_line</name>
         <load_address>0x29bf</load_address>
         <run_address>0x29bf</run_address>
         <size>0xae</size>
         <input_file_ref idref="fl-1e"/>
      </object_component>
      <object_component id="oc-6c">
         <name>.debug_line</name>
         <load_address>0x2a6d</load_address>
         <run_address>0x2a6d</run_address>
         <size>0x3f</size>
         <input_file_ref idref="fl-1f"/>
      </object_component>
      <object_component id="oc-c1">
         <name>.debug_line</name>
         <load_address>0x2aac</load_address>
         <run_address>0x2aac</run_address>
         <size>0x21</size>
         <input_file_ref idref="fl-1f"/>
      </object_component>
      <object_component id="oc-82">
         <name>.debug_line</name>
         <load_address>0x2acd</load_address>
         <run_address>0x2acd</run_address>
         <size>0x74</size>
         <input_file_ref idref="fl-20"/>
      </object_component>
      <object_component id="oc-131">
         <name>.debug_line</name>
         <load_address>0x2b41</load_address>
         <run_address>0x2b41</run_address>
         <size>0x21</size>
         <input_file_ref idref="fl-20"/>
      </object_component>
      <object_component id="oc-3a">
         <name>.debug_line</name>
         <load_address>0x2b62</load_address>
         <run_address>0x2b62</run_address>
         <size>0x4d</size>
         <input_file_ref idref="fl-21"/>
      </object_component>
      <object_component id="oc-63">
         <name>.debug_line</name>
         <load_address>0x2baf</load_address>
         <run_address>0x2baf</run_address>
         <size>0x21</size>
         <input_file_ref idref="fl-21"/>
      </object_component>
      <object_component id="oc-20">
         <name>.debug_line</name>
         <load_address>0x2bd0</load_address>
         <run_address>0x2bd0</run_address>
         <size>0x57</size>
         <input_file_ref idref="fl-22"/>
      </object_component>
      <object_component id="oc-4e">
         <name>.debug_line</name>
         <load_address>0x2c27</load_address>
         <run_address>0x2c27</run_address>
         <size>0x21</size>
         <input_file_ref idref="fl-22"/>
      </object_component>
      <object_component id="oc-1d">
         <name>.debug_line</name>
         <load_address>0x2c48</load_address>
         <run_address>0x2c48</run_address>
         <size>0x9a</size>
         <input_file_ref idref="fl-23"/>
      </object_component>
      <object_component id="oc-49">
         <name>.debug_line</name>
         <load_address>0x2ce2</load_address>
         <run_address>0x2ce2</run_address>
         <size>0x21</size>
         <input_file_ref idref="fl-23"/>
      </object_component>
      <object_component id="oc-121">
         <name>.debug_line</name>
         <load_address>0x2d03</load_address>
         <run_address>0x2d03</run_address>
         <size>0x2b</size>
         <input_file_ref idref="fl-24"/>
      </object_component>
      <object_component id="oc-78">
         <name>.debug_line</name>
         <load_address>0x2d2e</load_address>
         <run_address>0x2d2e</run_address>
         <size>0x66</size>
         <input_file_ref idref="fl-24"/>
      </object_component>
      <object_component id="oc-12c">
         <name>.debug_line</name>
         <load_address>0x2d94</load_address>
         <run_address>0x2d94</run_address>
         <size>0x21</size>
         <input_file_ref idref="fl-24"/>
      </object_component>
      <object_component id="oc-129">
         <name>.debug_line</name>
         <load_address>0x2db5</load_address>
         <run_address>0x2db5</run_address>
         <size>0x2c</size>
         <input_file_ref idref="fl-25"/>
      </object_component>
      <object_component id="oc-23d">
         <name>.debug_line</name>
         <load_address>0x2de1</load_address>
         <run_address>0x2de1</run_address>
         <size>0x2c</size>
         <input_file_ref idref="fl-25"/>
      </object_component>
      <object_component id="oc-126">
         <name>.debug_line</name>
         <load_address>0x2e0d</load_address>
         <run_address>0x2e0d</run_address>
         <size>0x5f</size>
         <input_file_ref idref="fl-25"/>
      </object_component>
      <object_component id="oc-1e1">
         <name>.debug_line</name>
         <load_address>0x2e6c</load_address>
         <run_address>0x2e6c</run_address>
         <size>0x21</size>
         <input_file_ref idref="fl-25"/>
      </object_component>
      <object_component id="oc-72">
         <name>.debug_line</name>
         <load_address>0x2e8d</load_address>
         <run_address>0x2e8d</run_address>
         <size>0x4e</size>
         <input_file_ref idref="fl-26"/>
      </object_component>
      <object_component id="oc-11e">
         <name>.debug_line</name>
         <load_address>0x2edb</load_address>
         <run_address>0x2edb</run_address>
         <size>0x30</size>
         <input_file_ref idref="fl-26"/>
      </object_component>
      <object_component id="oc-33">
         <name>.debug_line</name>
         <load_address>0x2f0b</load_address>
         <run_address>0x2f0b</run_address>
         <size>0x63</size>
         <input_file_ref idref="fl-29"/>
      </object_component>
      <object_component id="oc-60">
         <name>.debug_line</name>
         <load_address>0x2f6e</load_address>
         <run_address>0x2f6e</run_address>
         <size>0x21</size>
         <input_file_ref idref="fl-29"/>
      </object_component>
      <object_component id="oc-c4">
         <name>.debug_line</name>
         <load_address>0x2f8f</load_address>
         <run_address>0x2f8f</run_address>
         <size>0x3b</size>
         <input_file_ref idref="fl-2a"/>
      </object_component>
      <object_component id="oc-1e4">
         <name>.debug_line</name>
         <load_address>0x2fca</load_address>
         <run_address>0x2fca</run_address>
         <size>0x21</size>
         <input_file_ref idref="fl-2a"/>
      </object_component>
      <object_component id="oc-ec">
         <name>.debug_frame</name>
         <load_address>0x0</load_address>
         <run_address>0x0</run_address>
         <size>0x44</size>
         <input_file_ref idref="fl-4"/>
      </object_component>
      <object_component id="oc-b5">
         <name>.debug_frame</name>
         <load_address>0x44</load_address>
         <run_address>0x44</run_address>
         <size>0x44</size>
         <input_file_ref idref="fl-4"/>
      </object_component>
      <object_component id="oc-104">
         <name>.debug_frame</name>
         <load_address>0x88</load_address>
         <run_address>0x88</run_address>
         <size>0x50</size>
         <input_file_ref idref="fl-4"/>
      </object_component>
      <object_component id="oc-164">
         <name>.debug_frame</name>
         <load_address>0xd8</load_address>
         <run_address>0xd8</run_address>
         <size>0x40</size>
         <input_file_ref idref="fl-5"/>
      </object_component>
      <object_component id="oc-155">
         <name>.debug_frame</name>
         <load_address>0x118</load_address>
         <run_address>0x118</run_address>
         <size>0x40</size>
         <input_file_ref idref="fl-5"/>
      </object_component>
      <object_component id="oc-207">
         <name>.debug_frame</name>
         <load_address>0x158</load_address>
         <run_address>0x158</run_address>
         <size>0x44</size>
         <input_file_ref idref="fl-5"/>
      </object_component>
      <object_component id="oc-142">
         <name>.debug_frame</name>
         <load_address>0x19c</load_address>
         <run_address>0x19c</run_address>
         <size>0x44</size>
         <input_file_ref idref="fl-5"/>
      </object_component>
      <object_component id="oc-13a">
         <name>.debug_frame</name>
         <load_address>0x1e0</load_address>
         <run_address>0x1e0</run_address>
         <size>0x40</size>
         <input_file_ref idref="fl-5"/>
      </object_component>
      <object_component id="oc-173">
         <name>.debug_frame</name>
         <load_address>0x220</load_address>
         <run_address>0x220</run_address>
         <size>0x44</size>
         <input_file_ref idref="fl-5"/>
      </object_component>
      <object_component id="oc-dd">
         <name>.debug_frame</name>
         <load_address>0x264</load_address>
         <run_address>0x264</run_address>
         <size>0x40</size>
         <input_file_ref idref="fl-5"/>
      </object_component>
      <object_component id="oc-15f">
         <name>.debug_frame</name>
         <load_address>0x2a4</load_address>
         <run_address>0x2a4</run_address>
         <size>0x44</size>
         <input_file_ref idref="fl-5"/>
      </object_component>
      <object_component id="oc-e3">
         <name>.debug_frame</name>
         <load_address>0x2e8</load_address>
         <run_address>0x2e8</run_address>
         <size>0x40</size>
         <input_file_ref idref="fl-5"/>
      </object_component>
      <object_component id="oc-14d">
         <name>.debug_frame</name>
         <load_address>0x328</load_address>
         <run_address>0x328</run_address>
[...]
         <origin>0xa5000</origin>
         <length>0x1000</length>
         <used_space>0x0</used_space>
         <unused_space>0x1000</unused_space>
         <attributes>RWIX</attributes>
         <usage_details>
         </usage_details>
      </memory_area>
      <memory_area display="yes" color="green">
         <name>FLASH_BANK2_SEC6</name>
         <page_id>0x0</page_id>
         <origin>0xa6000</origin>
         <length>0x1000</length>
         <used_space>0x0</used_space>
         <unused_space>0x1000</unused_space>
         <attributes>RWIX</attributes>
         <usage_details>
         </usage_details>
      </memory_area>
      <memory_area display="yes" color="green">
         <name>FLASH_BANK2_SEC7</name>
         <page_id>0x0</page_id>
         <origin>0xa7000</origin>
         <length>0x1000</length>
         <used_space>0x0</used_space>
         <unused_space>0x1000</unused_space>
         <attributes>RWIX</attributes>
         <usage_details>
         </usage_details>
      </memory_area>
      <memory_area display="yes" color="green">
         <name>FLASH_BANK2_SEC8</name>
         <page_id>0x0</page_id>
         <origin>0xa8000</origin>
         <length>0x1000</length>
         <used_space>0x0</used_space>
         <unused_space>0x1000</unused_space>
         <attributes>RWIX</attributes>
         <usage_details>
         </usage_details>
      </memory_area>
      <memory_area display="yes" color="green">
         <name>FLASH_BANK2_SEC9</name>
         <page_id>0x0</page_id>
         <origin>0xa9000</origin>
         <length>0x1000</length>
         <used_space>0x0</used_space>
         <unused_space>0x1000</unused_space>
         <attributes>RWIX</attributes>
         <usage_details>
         </usage_details>
      </memory_area>
      <memory_area display="yes" color="green">
         <name>FLASH_BANK2_SEC10</name>
         <page_id>0x0</page_id>
         <origin>0xaa000</origin>
         <length>0x1000</length>
         <used_space>0x0</used_space>
         <unused_space>0x1000</unused_space>
         <attributes>RWIX</attributes>
         <usage_details>
         </usage_details>
      </memory_area>
      <memory_area display="yes" color="green">
         <name>FLASH_BANK2_SEC11</name>
         <page_id>0x0</page_id>
         <origin>0xab000</origin>
         <length>0x1000</length>
         <used_space>0x0</used_space>
         <unused_space>0x1000</unused_space>
         <attributes>RWIX</attributes>
         <usage_details>
         </usage_details>
      </memory_area>
      <memory_area display="yes" color="green">
         <name>FLASH_BANK2_SEC12</name>
         <page_id>0x0</page_id>
         <origin>0xac000</origin>
         <length>0x1000</length>
         <used_space>0x0</used_space>
         <unused_space>0x1000</unused_space>
         <attributes>RWIX</attributes>
         <usage_details>
         </usage_details>
      </memory_area>
      <memory_area display="yes" color="green">
         <name>FLASH_BANK2_SEC13</name>
         <page_id>0x0</page_id>
         <origin>0xad000</origin>
         <length>0x1000</length>
         <used_space>0x0</used_space>
         <unused_space>0x1000</unused_space>
         <attributes>RWIX</attributes>
         <usage_details>
         </usage_details>
      </memory_area>
      <memory_area display="yes" color="green">
         <name>FLASH_BANK2_SEC14</name>
         <page_id>0x0</page_id>
         <origin>0xae000</origin>
         <length>0x1000</length>
         <used_space>0x0</used_space>
         <unused_space>0x1000</unused_space>
         <attributes>RWIX</attributes>
         <usage_details>
         </usage_details>
      </memory_area>
      <memory_area display="yes" color="green">
         <name>FLASH_BANK2_SEC15</name>
         <page_id>0x0</page_id>
         <origin>0xaf000</origin>
         <length>0xff0</length>
         <used_space>0x0</used_space>
         <unused_space>0xff0</unused_space>
         <attributes>RWIX</attributes>
         <usage_details>
         </usage_details>
      </memory_area>
      <memory_area display="yes" color="green">
         <name>SECURE_ROM</name>
         <page_id>0x0</page_id>
         <origin>0x3f2000</origin>
         <length>0x6000</length>
         <used_space>0x0</used_space>
         <unused_space>0x6000</unused_space>
         <attributes>RWIX</attributes>
         <usage_details>
         </usage_details>
      </memory_area>
      <memory_area display="yes" color="green">
         <name>BOOTROM</name>
         <page_id>0x0</page_id>
         <origin>0x3f8000</origin>
         <length>0x7fc0</length>
         <used_space>0x0</used_space>
         <unused_space>0x7fc0</unused_space>
         <attributes>RWIX</attributes>
         <usage_details>
         </usage_details>
      </memory_area>
      <memory_area display="no" color="green">
         <name>RESET</name>
         <page_id>0x0</page_id>
         <origin>0x3fffc0</origin>
         <length>0x2</length>
         <used_space>0x0</used_space>
         <unused_space>0x2</unused_space>
         <attributes>RWIX</attributes>
         <usage_details>
         </usage_details>
      </memory_area>
   </placement_map>
   <cptbl_list>
      <cptbl>
         <name>__TI_cinit_table</name>
         <cprec>
            <name>.data</name>
            <load_address>0x12c</load_address>
            <load_size>0x2e</load_size>
            <run_address>0xab7a</run_address>
            <run_size>0x3a</run_size>
            <compression>lzss</compression>
         </cprec>
         <cprec>
            <name>.bss</name>
            <load_address>0x160</load_address>
            <load_size>0x4</load_size>
            <run_address>0xa800</run_address>
            <run_size>0x37a</run_size>
            <compression>zero_init</compression>
         </cprec>
      </cptbl>
   </cptbl_list>
   <handler_table>
      <handler_table_name>__TI_handler_table</handler_table_name>
      <handler>
         <index>0x0</index>
         <name>__TI_zero_init</name>
      </handler>
      <handler>
         <index>0x1</index>
         <name>__TI_decompress_lzss</name>
      </handler>
      <handler>
         <index>0x2</index>
         <name>__TI_decompress_none</name>
      </handler>
   </handler_table>
   <symbol_table>
      <symbol id="sm-1">
         <name>__TI_CINIT_Base</name>
         <value>0x164</value>
      </symbol>
      <symbol id="sm-2">
         <name>__TI_CINIT_Limit</name>
         <value>0x16c</value>
      </symbol>
      <symbol id="sm-3">
         <name>__TI_CINIT_Warm</name>
         <value>0x16c</value>
      </symbol>
      <symbol id="sm-4">
         <name>__TI_Handler_Table_Base</name>
         <value>0x15a</value>
      </symbol>
      <symbol id="sm-5">
         <name>__TI_Handler_Table_Limit</name>
         <value>0x160</value>
      </symbol>
      <symbol id="sm-6">
         <name>__TI_STACK_SIZE</name>
         <value>0x200</value>
      </symbol>
      <symbol id="sm-7">
         <name>__TI_STACK_END</name>
         <value>0x600</value>
      </symbol>
      <symbol id="sm-8">
         <name>__TI_pprof_out_hndl</name>
         <value>0xffffffff</value>
      </symbol>
      <symbol id="sm-9">
         <name>__TI_prof_data_start</name>
         <value>0xffffffff</value>
      </symbol>
      <symbol id="sm-a">
         <name>__TI_prof_data_size</name>
         <value>0xffffffff</value>
      </symbol>
      <symbol id="sm-62">
         <name>cccr_cce</name>
         <value>0xab72</value>
         <object_component_ref idref="oc-118"/>
      </symbol>
      <symbol id="sm-63">
         <name>act_reg</name>
         <value>0xab52</value>
         <object_component_ref idref="oc-118"/>
      </symbol>
      <symbol id="sm-64">
         <name>txbar_reg</name>
         <value>0xab5e</value>
         <object_component_ref idref="oc-118"/>
      </symbol>
      <symbol id="sm-65">
         <name>cccr_init</name>
         <value>0xab70</value>
         <object_component_ref idref="oc-118"/>
      </symbol>
      <symbol id="sm-66">
         <name>time_seg1_reg</name>
         <value>0xab44</value>
         <object_component_ref idref="oc-118"/>
      </symbol>
      <symbol id="sm-67">
         <name>txMsg</name>
         <value>0xa800</value>
         <object_component_ref idref="oc-fc"/>
      </symbol>
      <symbol id="sm-68">
         <name>txfqs_tffl</name>
         <value>0xab76</value>
         <object_component_ref idref="oc-118"/>
      </symbol>
      <symbol id="sm-69">
         <name>sysclk_hz</name>
         <value>0xab4a</value>
         <object_component_ref idref="oc-118"/>
      </symbol>
      <symbol id="sm-6a">
         <name>ecr_tec</name>
         <value>0xab6c</value>
         <object_component_ref idref="oc-118"/>
      </symbol>
      <symbol id="sm-6b">
         <name>txbrp_reg</name>
         <value>0xab60</value>
         <object_component_ref idref="oc-118"/>
      </symbol>
      <symbol id="sm-6c">
         <name>nbtp_reg</name>
         <value>0xab40</value>
         <object_component_ref idref="oc-118"/>
      </symbol>
      <symbol id="sm-6d">
         <name>time_seg2_reg</name>
         <value>0xab46</value>
         <object_component_ref idref="oc-118"/>
      </symbol>
      <symbol id="sm-6e">
         <name>txbto_reg</name>
         <value>0xab62</value>
         <object_component_ref idref="oc-118"/>
      </symbol>
      <symbol id="sm-6f">
         <name>main</name>
         <value>0x81c2</value>
         <object_component_ref idref="oc-b0"/>
      </symbol>
      <symbol id="sm-70">
         <name>rec_reg</name>
         <value>0xab58</value>
         <object_component_ref idref="oc-118"/>
      </symbol>
      <symbol id="sm-71">
         <name>mcanclk_hz</name>
         <value>0xab4c</value>
         <object_component_ref idref="oc-118"/>
      </symbol>
      <symbol id="sm-72">
         <name>txbto_value</name>
         <value>0xab78</value>
         <object_component_ref idref="oc-118"/>
      </symbol>
      <symbol id="sm-73">
         <name>psr_lec</name>
         <value>0xab66</value>
         <object_component_ref idref="oc-118"/>
      </symbol>
      <symbol id="sm-74">
         <name>psr_ew</name>
         <value>0xab6a</value>
         <object_component_ref idref="oc-118"/>
      </symbol>
      <symbol id="sm-75">
         <name>ir_reg</name>
         <value>0xab5a</value>
         <object_component_ref idref="oc-118"/>
      </symbol>
      <symbol id="sm-76">
         <name>lec_reg</name>
         <value>0xab50</value>
         <object_component_ref idref="oc-118"/>
      </symbol>
      <symbol id="sm-77">
         <name>prescaler_reg</name>
         <value>0xab42</value>
         <object_component_ref idref="oc-118"/>
      </symbol>
      <symbol id="sm-78">
         <name>ecr_rec</name>
         <value>0xab6e</value>
         <object_component_ref idref="oc-118"/>
      </symbol>
      <symbol id="sm-79">
         <name>ecr_reg</name>
         <value>0xab54</value>
         <object_component_ref idref="oc-118"/>
      </symbol>
      <symbol id="sm-7a">
         <name>sjw_reg</name>
         <value>0xab48</value>
         <object_component_ref idref="oc-118"/>
      </symbol>
      <symbol id="sm-7b">
         <name>tec_reg</name>
         <value>0xab56</value>
         <object_component_ref idref="oc-118"/>
      </symbol>
      <symbol id="sm-7c">
         <name>cccr_reg</name>
         <value>0xab5c</value>
         <object_component_ref idref="oc-118"/>
      </symbol>
      <symbol id="sm-7d">
         <name>psr_reg</name>
         <value>0xab4e</value>
         <object_component_ref idref="oc-118"/>
      </symbol>
      <symbol id="sm-7e">
         <name>txfqs_reg</name>
         <value>0xab64</value>
         <object_component_ref idref="oc-118"/>
      </symbol>
      <symbol id="sm-7f">
         <name>cccr_ase</name>
         <value>0xab74</value>
         <object_component_ref idref="oc-118"/>
      </symbol>
      <symbol id="sm-80">
         <name>psr_act</name>
         <value>0xab68</value>
         <object_component_ref idref="oc-118"/>
      </symbol>
      <symbol id="sm-d7">
         <name>Device_enableAllPeripherals</name>
         <value>0x8800</value>
         <object_component_ref idref="oc-15a"/>
      </symbol>
      <symbol id="sm-d8">
         <name>Device_initGPIO</name>
         <value>0x87f0</value>
         <object_component_ref idref="oc-de"/>
      </symbol>
      <symbol id="sm-d9">
         <name>Device_init</name>
         <value>0x8c80</value>
         <object_component_ref idref="oc-d8"/>
      </symbol>
      <symbol id="sm-da">
         <name>__error__</name>
         <value>0x90fa</value>
         <object_component_ref idref="oc-148"/>
      </symbol>
      <symbol id="sm-e9">
         <name>code_start</name>
         <value>0x0</value>
         <object_component_ref idref="oc-26"/>
      </symbol>
      <symbol id="sm-107">
         <name>GPIO_setAnalogMode</name>
         <value>0x8a82</value>
         <object_component_ref idref="oc-166"/>
      </symbol>
      <symbol id="sm-108">
         <name>GPIO_setPinConfig</name>
         <value>0x8cbe</value>
         <object_component_ref idref="oc-f6"/>
      </symbol>
      <symbol id="sm-1e0">
         <name>MCAN_getOpMode</name>
         <value>0x8f1b</value>
         <object_component_ref idref="oc-19d"/>
      </symbol>
      <symbol id="sm-1e1">
         <name>MCAN_writeMsgRam</name>
         <value>0x8b51</value>
         <object_component_ref idref="oc-105"/>
      </symbol>
      <symbol id="sm-1e2">
         <name>MCAN_getMsgObjSize</name>
         <value>0x903c</value>
         <object_component_ref idref="oc-18b"/>
      </symbol>
      <symbol id="sm-1e3">
         <name>MCAN_isMemInitDone</name>
         <value>0x8e0e</value>
         <object_component_ref idref="oc-191"/>
      </symbol>
      <symbol id="sm-1e4">
         <name>MCAN_getTxBufReqPend</name>
         <value>0x9050</value>
         <object_component_ref idref="oc-111"/>
      </symbol>
      <symbol id="sm-1e5">
         <name>MCAN_setOpMode</name>
         <value>0x8ea0</value>
         <object_component_ref idref="oc-197"/>
      </symbol>
      <symbol id="sm-1e6">
         <name>MCAN_selectClockSource</name>
         <value>0x8dec</value>
         <object_component_ref idref="oc-e4"/>
      </symbol>
      <symbol id="sm-1e7">
         <name>MCAN_init</name>
         <value>0x8689</value>
         <object_component_ref idref="oc-1a3"/>
      </symbol>
      <symbol id="sm-1e8">
         <name>MCAN_txBufAddReq</name>
         <value>0x8d23</value>
         <object_component_ref idref="oc-10b"/>
      </symbol>
      <symbol id="sm-1e9">
         <name>MCAN_msgRAMConfig</name>
         <value>0x8000</value>
         <object_component_ref idref="oc-1af"/>
      </symbol>
      <symbol id="sm-1ea">
         <name>MCAN_setBitTime</name>
         <value>0x88ce</value>
         <object_component_ref idref="oc-1a9"/>
      </symbol>
      <symbol id="sm-2fc">
         <name>SysCtl_isPLLValid</name>
         <value>0x858b</value>
         <object_component_ref idref="oc-1f7"/>
      </symbol>
      <symbol id="sm-2fd">
         <name>SysCtl_delay</name>
         <value>0x128</value>
         <object_component_ref idref="oc-117"/>
      </symbol>
      <symbol id="sm-2fe">
         <name>SysCtl_selectXTALSingleEnded</name>
         <value>0x8da3</value>
         <object_component_ref idref="oc-244"/>
      </symbol>
      <symbol id="sm-2ff">
         <name>SysCtl_selectXTAL</name>
         <value>0x8bf5</value>
         <object_component_ref idref="oc-23e"/>
      </symbol>
      <symbol id="sm-300">
         <name>SysCtl_selectOscSource</name>
         <value>0x8ba8</value>
         <object_component_ref idref="oc-1eb"/>
      </symbol>
      <symbol id="sm-301">
         <name>SysCtl_getLowSpeedClock</name>
         <value>0x8e86</value>
         <object_component_ref idref="oc-14e"/>
      </symbol>
      <symbol id="sm-302">
         <name>SysCtl_setClock</name>
         <value>0x8346</value>
         <object_component_ref idref="oc-13b"/>
      </symbol>
      <symbol id="sm-303">
         <name>SysCtl_getClock</name>
         <value>0x8aec</value>
         <object_component_ref idref="oc-f0"/>
      </symbol>
      <symbol id="sm-30d">
         <name>_c_int00</name>
         <value>0x8f60</value>
         <object_component_ref idref="oc-59"/>
      </symbol>
      <symbol id="sm-30e">
         <name>__stack</name>
         <value>0x400</value>
         <object_component_ref idref="oc-2b"/>
      </symbol>
      <symbol id="sm-31b">
         <name>__c28xabi_divf</name>
         <value>0x8987</value>
         <object_component_ref idref="oc-24c"/>
      </symbol>
      <symbol id="sm-328">
         <name>_system_pre_init</name>
         <value>0x9105</value>
         <object_component_ref idref="oc-67"/>
      </symbol>
      <symbol id="sm-337">
         <name>__TI_auto_init_nobinit_nopinit</name>
         <value>0x8d4f</value>
         <object_component_ref idref="oc-80"/>
      </symbol>
      <symbol id="sm-346">
         <name>__TI_zero_init_nomemset</name>
         <value>0x909f</value>
         <object_component_ref idref="oc-36"/>
      </symbol>
      <symbol id="sm-353">
         <name>__TI_decompress_none</name>
         <value>0x90ce</value>
         <object_component_ref idref="oc-1f"/>
      </symbol>
      <symbol id="sm-367">
         <name>__TI_decompress_lzss</name>
         <value>0x8cf5</value>
         <object_component_ref idref="oc-19"/>
      </symbol>
      <symbol id="sm-37d">
         <name>C$$EXIT</name>
         <value>0x8d7a</value>
         <object_component_ref idref="oc-74"/>
      </symbol>
      <symbol id="sm-37e">
         <name>abort</name>
         <value>0x8d7a</value>
         <object_component_ref idref="oc-74"/>
      </symbol>
      <symbol id="sm-37f">
         <name>exit</name>
         <value>0x8d7c</value>
         <object_component_ref idref="oc-74"/>
      </symbol>
      <symbol id="sm-380">
         <name>__TI_dtors_ptr</name>
         <value>0xabae</value>
         <object_component_ref idref="oc-b8"/>
      </symbol>
      <symbol id="sm-381">
         <name>__TI_cleanup_ptr</name>
         <value>0xabac</value>
         <object_component_ref idref="oc-b8"/>
      </symbol>
      <symbol id="sm-382">
         <name>__TI_enable_exit_profile_output</name>
         <value>0xabaa</value>
         <object_component_ref idref="oc-b8"/>
      </symbol>
      <symbol id="sm-399">
         <name>_nop</name>
         <value>0x8ffe</value>
         <object_component_ref idref="oc-122"/>
      </symbol>
      <symbol id="sm-39a">
         <name>_lock</name>
         <value>0xabb0</value>
         <object_component_ref idref="oc-bb"/>
      </symbol>
      <symbol id="sm-39b">
         <name>_unlock</name>
         <value>0xabb2</value>
         <object_component_ref idref="oc-1dc"/>
      </symbol>
      <symbol id="sm-39c">
         <name>_register_lock</name>
         <value>0x8ffa</value>
         <object_component_ref idref="oc-122"/>
      </symbol>
      <symbol id="sm-39d">
         <name>_register_unlock</name>
         <value>0x8ff6</value>
         <object_component_ref idref="oc-122"/>
      </symbol>
      <symbol id="sm-3ac">
         <name>_args_main</name>
         <value>0x90ac</value>
         <object_component_ref idref="oc-6e"/>
      </symbol>
      <symbol id="sm-3c0">
         <name>memcpy</name>
         <value>0x8e69</value>
         <object_component_ref idref="oc-2e"/>
      </symbol>
      <symbol id="sm-3cd">
         <name>_system_post_cinit</name>
         <value>0x8fff</value>
         <object_component_ref idref="oc-c3"/>
      </symbol>
      <symbol id="sm-3cf">
         <name>__c_args__</name>
         <value>0x0</value>
      </symbol>
   </symbol_table>
   <title>Link successful</title>
</link_info>
