******************************************************************************
             TMS320C2000 Linker PC v22.6.3                     
******************************************************************************
>> Linked Mon Mar  9 18:56:48 2026

OUTPUT FILE NAME:   <mcan_ex7_classic_transmit.out>
ENTRY POINT SYMBOL: "code_start"  address: 00000000


MEMORY CONFIGURATION

         name            origin    length      used     unused   attr    fill
----------------------  --------  ---------  --------  --------  ----  --------
  BEGIN                 00000000   00000002  00000002  00000000  RWIX
  BOOT_RSVD             00000002   00000126  00000000  00000126  RWIX
  RAMM0                 00000128   000002d8  00000044  00000294  RWIX
  RAMM1                 00000400   000003f8  00000200  000001f8  RWIX
  RAMLS0                00008000   00000800  00000800  00000000  RWIX
  RAMLS1                00008800   00000800  00000800  00000000  RWIX
  RAMLS2                00009000   00000800  00000107  000006f9  RWIX
  RAMLS3                00009800   00000800  00000000  00000800  RWIX
  RAMLS4                0000a000   00000800  00000000  00000800  RWIX
  RAMLS5                0000a800   00000800  000005a2  0000025e  RWIX
  RAMLS6_7              0000b000   00001000  00000000  00001000  RWIX
  RAMGS0                0000c000   00001000  00000000  00001000  RWIX
  RAMGS1                0000d000   00001000  00000000  00001000  RWIX
  RAMGS2                0000e000   00001000  00000000  00001000  RWIX
  RAMGS3                0000f000   00000ff8  00000000  00000ff8  RWIX
  FLASH_BANK0_SEC0      00080002   00000ffe  00000000  00000ffe  RWIX
  FLASH_BANK0_SEC1      00081000   00001000  00000000  00001000  RWIX
  FLASH_BANK0_SEC2      00082000   00001000  00000000  00001000  RWIX
  FLASH_BANK0_SEC3      00083000   00001000  00000000  00001000  RWIX
  FLASH_BANK0_SEC4      00084000   00001000  00000000  00001000  RWIX
  FLASH_BANK0_SEC5      00085000   00001000  00000000  00001000  RWIX
  FLASH_BANK0_SEC6      00086000   00001000  00000000  00001000  RWIX
  FLASH_BANK0_SEC7      00087000   00001000  00000000  00001000  RWIX
  FLASH_BANK0_SEC8      00088000   00001000  00000000  00001000  RWIX
  FLASH_BANK0_SEC9      00089000   00001000  00000000  00001000  RWIX
  FLASH_BANK0_SEC10     0008a000   00001000  00000000  00001000  RWIX
  FLASH_BANK0_SEC11     0008b000   00001000  00000000  00001000  RWIX
  FLASH_BANK0_SEC12     0008c000   00001000  00000000  00001000  RWIX
  FLASH_BANK0_SEC13     0008d000   00001000  00000000  00001000  RWIX
  FLASH_BANK0_SEC14     0008e000   00001000  00000000  00001000  RWIX
  FLASH_BANK0_SEC15     0008f000   00001000  00000000  00001000  RWIX
  FLASH_BANK1_SEC0      00090000   00001000  00000000  00001000  RWIX
  FLASH_BANK1_SEC1      00091000   00001000  00000000  00001000  RWIX
  FLASH_BANK1_SEC2      00092000   00001000  00000000  00001000  RWIX
  FLASH_BANK1_SEC3      00093000   00001000  00000000  00001000  RWIX
  FLASH_BANK1_SEC4      00094000   00001000  00000000  00001000  RWIX
  FLASH_BANK1_SEC5      00095000   00001000  00000000  00001000  RWIX
  FLASH_BANK1_SEC6      00096000   00001000  00000000  00001000  RWIX
  FLASH_BANK1_SEC7      00097000   00001000  00000000  00001000  RWIX
  FLASH_BANK1_SEC8      00098000   00001000  00000000  00001000  RWIX
  FLASH_BANK1_SEC9      00099000   00001000  00000000  00001000  RWIX
  FLASH_BANK1_SEC10     0009a000   00001000  00000000  00001000  RWIX
  FLASH_BANK1_SEC11     0009b000   00001000  00000000  00001000  RWIX
  FLASH_BANK1_SEC12     0009c000   00001000  00000000  00001000  RWIX
  FLASH_BANK1_SEC13     0009d000   00001000  00000000  00001000  RWIX
  FLASH_BANK1_SEC14     0009e000   00001000  00000000  00001000  RWIX
  FLASH_BANK1_SEC15     0009f000   00001000  00000000  00001000  RWIX
  FLASH_BANK2_SEC0      000a0000   00001000  00000000  00001000  RWIX
  FLASH_BANK2_SEC1      000a1000   00001000  00000000  00001000  RWIX
  FLASH_BANK2_SEC2      000a2000   00001000  00000000  00001000  RWIX
  FLASH_BANK2_SEC3      000a3000   00001000  00000000  00001000  RWIX
  FLASH_BANK2_SEC4      000a4000   00001000  00000000  00001000  RWIX
  FLASH_BANK2_SEC5      000a5000   00001000  00000000  00001000  RWIX
  FLASH_BANK2_SEC6      000a6000   00001000  00000000  00001000  RWIX
  FLASH_BANK2_SEC7      000a7000   00001000  00000000  00001000  RWIX
  FLASH_BANK2_SEC8      000a8000   00001000  00000000  00001000  RWIX
  FLASH_BANK2_SEC9      000a9000   00001000  00000000  00001000  RWIX
  FLASH_BANK2_SEC10     000aa000   00001000  00000000  00001000  RWIX
  FLASH_BANK2_SEC11     000ab000   00001000  00000000  00001000  RWIX
  FLASH_BANK2_SEC12     000ac000   00001000  00000000  00001000  RWIX
  FLASH_BANK2_SEC13     000ad000   00001000  00000000  00001000  RWIX
  FLASH_BANK2_SEC14     000ae000   00001000  00000000  00001000  RWIX
  FLASH_BANK2_SEC15     000af000   00000ff0  00000000  00000ff0  RWIX
  SECURE_ROM            003f2000   00006000  00000000  00006000  RWIX
  BOOTROM               003f8000   00007fc0  00000000  00007fc0  RWIX
  RESET                 003fffc0   00000002  00000000  00000002  RWIX


SECTION ALLOCATION MAP

 output                                  attributes/
section   page    origin      length       input sections
--------  ----  ----------  ----------   ----------------
codestart 
*          0    00000000    00000002     
                  00000000    00000002     f28003x_codestartbranch.obj (codestart)

.TI.ramfunc 
*          0    00000128    00000004     
                  00000128    00000004     driverlib.lib : sysctl.obj (.TI.ramfunc)

.cinit     0    0000012c    00000040     
                  0000012c    0000002e     (.cinit..data.load) [load image, compression = lzss]
                  0000015a    00000006     (__TI_handler_table)
                  00000160    00000004     (.cinit..bss.load) [load image, compression = zero_init]
                  00000164    00000008     (__TI_cinit_table)

.reset     0    003fffc0    00000000     DSECT

.stack     0    00000400    00000200     UNINITIALIZED
                  00000400    00000200     --HOLE--

.bss       0    0000a800    0000037a     UNINITIALIZED
                  0000a800    00000334     mcan_ex7_classic_transmit.obj (.bss:txMsg)
                  0000ab34    0000000c     --HOLE--
                  0000ab40    0000003a     mcan_ex7_classic_transmit.obj (.bss)

.init_array 
*          0    00000128    00000000     UNINITIALIZED

.data      0    0000ab7a    0000003a     UNINITIALIZED
                  0000ab7a    00000020     driverlib.lib : mcan.obj (.data:dataSize)
                  0000ab9a    00000010                   : mcan.obj (.data:objSize)
                  0000abaa    00000006     rts2800_fpu32_eabi.lib : exit.c.obj (.data)
                  0000abb0    00000002                            : _lock.c.obj (.data:_lock)
                  0000abb2    00000002                            : _lock.c.obj (.data:_unlock)

.const     0    0000abb4    000001ee     
                  0000abb4    0000009a     driverlib.lib : sysctl.obj (.const:.string)
                  0000ac4e    00000098                   : gpio.obj (.const:.string)
                  0000ace6    0000006f     device.obj (.const:.string)
                  0000ad55    00000001     --HOLE-- [fill = 0]
                  0000ad56    0000004c     driverlib.lib : mcan.obj (.const:.string)

.text.1    0    00008000    00000800     
                  00008000    000001c2     driverlib.lib : mcan.obj (.text:MCAN_msgRAMConfig)
                  000081c2    00000184     mcan_ex7_classic_transmit.obj (.text:main)
                  00008346    00000123     driverlib.lib : sysctl.obj (.text:SysCtl_setClock)
                  00008469    00000122                   : mcan.obj (.text:MCAN_writeMsg)
                  0000858b    000000fe                   : sysctl.obj (.text:SysCtl_isPLLValid)
                  00008689    000000f0                   : mcan.obj (.text:MCAN_init)
                  00008779    00000077     mcan_ex7_classic_transmit.obj (.text:MCANConfig)
                  000087f0    00000010     device.obj (.text:Device_initGPIO)

.text.2    0    00008800    00000800     
                  00008800    000000ce     device.obj (.text:Device_enableAllPeripherals)
                  000088ce    000000b9     driverlib.lib : mcan.obj (.text:MCAN_setBitTime)
                  00008987    00000088     rts2800_fpu32_eabi.lib : fs_div28.asm.obj (.text)
                  00008a0f    00000073     driverlib.lib : sysctl.obj (.text:DCC_setCounterSeeds)
                  00008a82    0000006a                   : gpio.obj (.text:GPIO_setAnalogMode)
                  00008aec    00000065                   : sysctl.obj (.text:SysCtl_getClock)
                  00008b51    00000057                   : mcan.obj (.text:MCAN_writeMsgRam)
                  00008ba8    0000004d                   : sysctl.obj (.text:SysCtl_selectOscSource)
                  00008bf5    00000046                   : sysctl.obj (.text:SysCtl_selectXTAL)
                  00008c3b    00000045                   : sysctl.obj (.text:SysCtl_pollX1Counter)
                  00008c80    0000003e     device.obj (.text:Device_init)
                  00008cbe    00000037     driverlib.lib : gpio.obj (.text:GPIO_setPinConfig)
                  00008cf5    0000002e     rts2800_fpu32_eabi.lib : copy_decompress_lzss.c.obj (.text:decompress:lzss)
                  00008d23    0000002c     driverlib.lib : mcan.obj (.text:MCAN_txBufAddReq)
                  00008d4f    0000002b     rts2800_fpu32_eabi.lib : autoinit.c.obj (.text:__TI_auto_init_nobinit_nopinit)
                  00008d7a    00000029                            : exit.c.obj (.text)
                  00008da3    00000025     driverlib.lib : sysctl.obj (.text:SysCtl_selectXTALSingleEnded)
                  00008dc8    00000024                   : sysctl.obj (.text:DCC_enableSingleShotMode)
                  00008dec    00000022                   : mcan.obj (.text:MCAN_selectClockSource)
                  00008e0e    0000001f                   : mcan.obj (.text:MCAN_isMemInitDone)
                  00008e2d    0000001e                   : sysctl.obj (.text:DCC_setCounter0ClkSource)
                  00008e4b    0000001e                   : sysctl.obj (.text:DCC_setCounter1ClkSource)
                  00008e69    0000001d     rts2800_fpu32_eabi.lib : memcpy.c.obj (.text)
                  00008e86    0000001a     driverlib.lib : sysctl.obj (.text:SysCtl_getLowSpeedClock)
                  00008ea0    00000019                   : mcan.obj (.text:MCAN_setOpMode)
                  00008eb9    00000019                   : mcan.obj (.text:MCAN_writeProtectedRegAccessLock)
                  00008ed2    00000019                   : mcan.obj (.text:MCAN_writeProtectedRegAccessUnlock)
                  00008eeb    00000019                   : sysctl.obj (.text:SysCtl_setPLLSysClk)
                  00008f04    00000017                   : mcan.obj (.text:HW_WR_FIELD32_RAW)
                  00008f1b    00000017                   : mcan.obj (.text:MCAN_getOpMode)
                  00008f32    00000017     device.obj (.text:SysCtl_enablePeripheral)
                  00008f49    00000017     driverlib.lib : sysctl.obj (.text:SysCtl_enablePeripheral)
                  00008f60    00000017     rts2800_fpu32_eabi.lib : boot28.asm.obj (.text)
                  00008f77    00000016     driverlib.lib : sysctl.obj (.text:DCC_disableDoneSignal)
                  00008f8d    00000015                   : sysctl.obj (.text:DCC_clearDoneFlag)
                  00008fa2    00000015                   : sysctl.obj (.text:DCC_clearErrorFlag)
                  00008fb7    00000015                   : sysctl.obj (.text:DCC_disableErrorSignal)
                  00008fcc    00000015                   : sysctl.obj (.text:DCC_isBaseValid)
                  00008fe1    00000015     device.obj (.text:GPIO_unlockPortConfig)
                  00008ff6    00000009     rts2800_fpu32_eabi.lib : _lock.c.obj (.text)
                  00008fff    00000001                            : startup.c.obj (.text)

.text.3    0    00009000    00000107     
                  00009000    00000014     driverlib.lib : sysctl.obj (.text:DCC_disableModule)
                  00009014    00000014                   : sysctl.obj (.text:DCC_enableModule)
                  00009028    00000014                   : mcan.obj (.text:MCAN_getDataSize)
                  0000903c    00000014                   : mcan.obj (.text:MCAN_getMsgObjSize)
                  00009050    00000013                   : mcan.obj (.text:MCAN_getTxBufReqPend)
                  00009063    00000012     mcan_ex7_classic_transmit.obj (.text:SysCtl_setMCANClk)
                  00009075    00000010     driverlib.lib : mcan.obj (.text:MCAN_isBaseValid)
                  00009085    0000000d                   : mcan.obj (.text:HW_RD_FIELD32_RAW)
                  00009092    0000000d     device.obj (.text:SysCtl_setLowSpeedClock)
                  0000909f    0000000d     rts2800_fpu32_eabi.lib : copy_zero_init.c.obj (.text:decompress:ZI:__TI_zero_init_nomemset)
                  000090ac    0000000c                            : args_main.c.obj (.text)
                  000090b8    0000000b     device.obj (.text:SysCtl_disableWatchdog)
                  000090c3    0000000b     driverlib.lib : sysctl.obj (.text:SysCtl_isMCDClockFailureDetected)
                  000090ce    00000008     rts2800_fpu32_eabi.lib : copy_decompress_none.c.obj (.text:decompress:none)
                  000090d6    00000008     f28003x_codestartbranch.obj (.text)
                  000090de    00000007     device.obj (.text:ASysCtl_lockVREG)
                  000090e5    00000007     driverlib.lib : mcan.obj (.text:HW_RD_REG32_RAW)
                  000090ec    00000007                   : mcan.obj (.text:HW_WR_REG32_RAW)
                  000090f3    00000007                   : sysctl.obj (.text:SysCtl_resetMCD)
                  000090fa    00000007     device.obj (.text:__error__)
                  00009101    00000004     device.obj (.text:SysCtl_deviceCal)
                  00009105    00000002     rts2800_fpu32_eabi.lib : pre_init.c.obj (.text)

MODULE SUMMARY

       Module                          code   ro data   rw data
       ------                          ----   -------   -------
    .\
       mcan_ex7_classic_transmit.obj   525    0         878    
    +--+-------------------------------+------+---------+---------+
       Total:                          525    0         878    
                                                               
    .\device\
       device.obj                      370    111       0      
       f28003x_codestartbranch.obj     10     0         0      
    +--+-------------------------------+------+---------+---------+
       Total:                          380    111       0      
                                                               
    ../device/driverlib/ccs/Debug/driverlib.lib
       mcan.obj                        1584   76        48     
       sysctl.obj                      1352   154       0      
       gpio.obj                        161    152       0      
    +--+-------------------------------+------+---------+---------+
       Total:                          3097   382       48     
                                                               
    C:\ti\ccs2041\ccs\tools\compiler\ti-cgt-c2000_22.6.3.LTS\lib\rts2800_fpu32_eabi.lib
       fs_div28.asm.obj                136    0         0      
       exit.c.obj                      41     0         6      
       copy_decompress_lzss.c.obj      46     0         0      
       autoinit.c.obj                  43     0         0      
       memcpy.c.obj                    29     0         0      
       boot28.asm.obj                  23     0         0      
       _lock.c.obj                     9      0         4      
       copy_zero_init.c.obj            13     0         0      
       args_main.c.obj                 12     0         0      
       copy_decompress_none.c.obj      8      0         0      
       pre_init.c.obj                  2      0         0      
       startup.c.obj                   1      0         0      
    +--+-------------------------------+------+---------+---------+
       Total:                          363    0         10     
                                                               
       Stack:                          0      0         512    
       Linker Generated:               0      64        0      
    +--+-------------------------------+------+---------+---------+
       Grand Total:                    4365   557       1448   


LINKER GENERATED COPY TABLES

__TI_cinit_table @ 00000164 records: 2, size/record: 4, table size: 8
	.data: load addr=0000012c, load size=0000002e bytes, run addr=0000ab7a, run size=0000003a bytes, compression=lzss
	.bss: load addr=00000160, load size=00000004 bytes, run addr=0000a800, run size=0000037a bytes, compression=zero_init


LINKER GENERATED HANDLER TABLE

__TI_handler_table @ 0000015a records: 3, size/record: 2, table size: 6
	index: 0, handler: __TI_zero_init
	index: 1, handler: __TI_decompress_lzss
	index: 2, handler: __TI_decompress_none


GLOBAL DATA SYMBOLS: SORTED BY DATA PAGE

address     data page           name
--------    ----------------    ----
00000400      10 (00000400)     __stack

0000a800     2a0 (0000a800)     txMsg

0000ab40     2ad (0000ab40)     nbtp_reg
0000ab42     2ad (0000ab40)     prescaler_reg
0000ab44     2ad (0000ab40)     time_seg1_reg
0000ab46     2ad (0000ab40)     time_seg2_reg
0000ab48     2ad (0000ab40)     sjw_reg
0000ab4a     2ad (0000ab40)     sysclk_hz
0000ab4c     2ad (0000ab40)     mcanclk_hz
0000ab4e     2ad (0000ab40)     psr_reg
0000ab50     2ad (0000ab40)     lec_reg
0000ab52     2ad (0000ab40)     act_reg
0000ab54     2ad (0000ab40)     ecr_reg
0000ab56     2ad (0000ab40)     tec_reg
0000ab58     2ad (0000ab40)     rec_reg
0000ab5a     2ad (0000ab40)     ir_reg
0000ab5c     2ad (0000ab40)     cccr_reg
0000ab5e     2ad (0000ab40)     txbar_reg
0000ab60     2ad (0000ab40)     txbrp_reg
0000ab62     2ad (0000ab40)     txbto_reg
0000ab64     2ad (0000ab40)     txfqs_reg
0000ab66     2ad (0000ab40)     psr_lec
0000ab68     2ad (0000ab40)     psr_act
0000ab6a     2ad (0000ab40)     psr_ew
0000ab6c     2ad (0000ab40)     ecr_tec
0000ab6e     2ad (0000ab40)     ecr_rec
0000ab70     2ad (0000ab40)     cccr_init
0000ab72     2ad (0000ab40)     cccr_cce
0000ab74     2ad (0000ab40)     cccr_ase
0000ab76     2ad (0000ab40)     txfqs_tffl
0000ab78     2ad (0000ab40)     txbto_value

0000abaa     2ae (0000ab80)     __TI_enable_exit_profile_output
0000abac     2ae (0000ab80)     __TI_cleanup_ptr
0000abae     2ae (0000ab80)     __TI_dtors_ptr
0000abb0     2ae (0000ab80)     _lock
0000abb2     2ae (0000ab80)     _unlock


GLOBAL SYMBOLS: SORTED ALPHABETICALLY BY Name 

page  address   name                           
----  -------   ----                           
0     00008d7a  C$$EXIT                        
0     00008800  Device_enableAllPeripherals    
0     00008c80  Device_init                    
0     000087f0  Device_initGPIO                
0     00008a82  GPIO_setAnalogMode             
0     00008cbe  GPIO_setPinConfig              
0     0000903c  MCAN_getMsgObjSize             
0     00008f1b  MCAN_getOpMode                 
0     00009050  MCAN_getTxBufReqPend           
0     00008689  MCAN_init                      
0     00008e0e  MCAN_isMemInitDone             
0     00008000  MCAN_msgRAMConfig              
0     00008dec  MCAN_selectClockSource         
0     000088ce  MCAN_setBitTime                
0     00008ea0  MCAN_setOpMode                 
0     00008d23  MCAN_txBufAddReq               
0     00008b51  MCAN_writeMsgRam               
0     00000128  SysCtl_delay                   
0     00008aec  SysCtl_getClock                
0     00008e86  SysCtl_getLowSpeedClock        
0     0000858b  SysCtl_isPLLValid              
0     00008ba8  SysCtl_selectOscSource         
0     00008bf5  SysCtl_selectXTAL              
0     00008da3  SysCtl_selectXTALSingleEnded   
0     00008346  SysCtl_setClock                
0     00000164  __TI_CINIT_Base                
0     0000016c  __TI_CINIT_Limit               
0     0000016c  __TI_CINIT_Warm                
0     0000015a  __TI_Handler_Table_Base        
0     00000160  __TI_Handler_Table_Limit       
0     00000600  __TI_STACK_END                 
abs   00000200  __TI_STACK_SIZE                
0     00008d4f  __TI_auto_init_nobinit_nopinit 
0     0000abac  __TI_cleanup_ptr               
0     00008cf5  __TI_decompress_lzss           
0     000090ce  __TI_decompress_none           
0     0000abae  __TI_dtors_ptr                 
0     0000abaa  __TI_enable_exit_profile_output
abs   ffffffff  __TI_pprof_out_hndl            
abs   ffffffff  __TI_prof_data_size            
abs   ffffffff  __TI_prof_data_start           
0     0000909f  __TI_zero_init_nomemset        
0     00008987  __c28xabi_divf                 
n/a   UNDEFED   __c_args__                     
0     000090fa  __error__                      
0     00000400  __stack                        
0     000090ac  _args_main                     
0     00008f60  _c_int00                       
0     0000abb0  _lock                          
0     00008ffe  _nop                           
0     00008ffa  _register_lock                 
0     00008ff6  _register_unlock               
0     00008fff  _system_post_cinit             
0     00009105  _system_pre_init               
0     0000abb2  _unlock                        
0     00008d7a  abort                          
0     0000ab52  act_reg                        
0     0000ab74  cccr_ase                       
0     0000ab72  cccr_cce                       
0     0000ab70  cccr_init                      
0     0000ab5c  cccr_reg                       
0     00000000  code_start                     
0     0000ab6e  ecr_rec                        
0     0000ab54  ecr_reg                        
0     0000ab6c  ecr_tec                        
0     00008d7c  exit                           
0     0000ab5a  ir_reg                         
0     0000ab50  lec_reg                        
0     000081c2  main                           
0     0000ab4c  mcanclk_hz                     
0     00008e69  memcpy                         
0     0000ab40  nbtp_reg                       
0     0000ab42  prescaler_reg                  
0     0000ab68  psr_act                        
0     0000ab6a  psr_ew                         
0     0000ab66  psr_lec                        
0     0000ab4e  psr_reg                        
0     0000ab58  rec_reg                        
0     0000ab48  sjw_reg                        
0     0000ab4a  sysclk_hz                      
0     0000ab56  tec_reg                        
0     0000ab44  time_seg1_reg                  
0     0000ab46  time_seg2_reg                  
0     0000a800  txMsg                          
0     0000ab5e  txbar_reg                      
0     0000ab60  txbrp_reg                      
0     0000ab62  txbto_reg                      
0     0000ab78  txbto_value                    
0     0000ab64  txfqs_reg                      
0     0000ab76  txfqs_tffl                     


GLOBAL SYMBOLS: SORTED BY Symbol Address 

page  address   name                           
----  -------   ----                           
0     00000000  code_start                     
0     00000128  SysCtl_delay                   
0     0000015a  __TI_Handler_Table_Base        
0     00000160  __TI_Handler_Table_Limit       
0     00000164  __TI_CINIT_Base                
0     0000016c  __TI_CINIT_Limit               
0     0000016c  __TI_CINIT_Warm                
0     00000400  __stack                        
0     00000600  __TI_STACK_END                 
0     00008000  MCAN_msgRAMConfig              
0     000081c2  main                           
0     00008346  SysCtl_setClock                
0     0000858b  SysCtl_isPLLValid              
0     00008689  MCAN_init                      
0     000087f0  Device_initGPIO                
0     00008800  Device_enableAllPeripherals    
0     000088ce  MCAN_setBitTime                
0     00008987  __c28xabi_divf                 
0     00008a82  GPIO_setAnalogMode             
0     00008aec  SysCtl_getClock                
0     00008b51  MCAN_writeMsgRam               
0     00008ba8  SysCtl_selectOscSource         
0     00008bf5  SysCtl_selectXTAL              
0     00008c80  Device_init                    
0     00008cbe  GPIO_setPinConfig              
0     00008cf5  __TI_decompress_lzss           
0     00008d23  MCAN_txBufAddReq               
0     00008d4f  __TI_auto_init_nobinit_nopinit 
0     00008d7a  C$$EXIT                        
0     00008d7a  abort                          
0     00008d7c  exit                           
0     00008da3  SysCtl_selectXTALSingleEnded   
0     00008dec  MCAN_selectClockSource         
0     00008e0e  MCAN_isMemInitDone             
0     00008e69  memcpy                         
0     00008e86  SysCtl_getLowSpeedClock        
0     00008ea0  MCAN_setOpMode                 
0     00008f1b  MCAN_getOpMode                 
0     00008f60  _c_int00                       
0     00008ff6  _register_unlock               
0     00008ffa  _register_lock                 
0     00008ffe  _nop                           
0     00008fff  _system_post_cinit             
0     0000903c  MCAN_getMsgObjSize             
0     00009050  MCAN_getTxBufReqPend           
0     0000909f  __TI_zero_init_nomemset        
0     000090ac  _args_main                     
0     000090ce  __TI_decompress_none           
0     000090fa  __error__                      
0     00009105  _system_pre_init               
0     0000a800  txMsg                          
0     0000ab40  nbtp_reg                       
0     0000ab42  prescaler_reg                  
0     0000ab44  time_seg1_reg                  
0     0000ab46  time_seg2_reg                  
0     0000ab48  sjw_reg                        
0     0000ab4a  sysclk_hz                      
0     0000ab4c  mcanclk_hz                     
0     0000ab4e  psr_reg                        
0     0000ab50  lec_reg                        
0     0000ab52  act_reg                        
0     0000ab54  ecr_reg                        
0     0000ab56  tec_reg                        
0     0000ab58  rec_reg                        
0     0000ab5a  ir_reg                         
0     0000ab5c  cccr_reg                       
0     0000ab5e  txbar_reg                      
0     0000ab60  txbrp_reg                      
0     0000ab62  txbto_reg                      
0     0000ab64  txfqs_reg                      
0     0000ab66  psr_lec                        
0     0000ab68  psr_act                        
0     0000ab6a  psr_ew                         
0     0000ab6c  ecr_tec                        
0     0000ab6e  ecr_rec                        
0     0000ab70  cccr_init                      
0     0000ab72  cccr_cce                       
0     0000ab74  cccr_ase                       
0     0000ab76  txfqs_tffl                     
0     0000ab78  txbto_value                    
0     0000abaa  __TI_enable_exit_profile_output
0     0000abac  __TI_cleanup_ptr               
0     0000abae  __TI_dtors_ptr                 
0     0000abb0  _lock                          
0     0000abb2  _unlock                        
abs   00000200  __TI_STACK_SIZE                
abs   ffffffff  __TI_pprof_out_hndl            
abs   ffffffff  __TI_prof_data_size            
abs   ffffffff  __TI_prof_data_start           
n/a   UNDEFED   __c_args__                     

[90 symbols]
